Copyright 1986-2022 Xilinx, Inc. All Rights Reserved. Copyright 2022-2024 Advanced Micro Devices, Inc. All Rights Reserved.
------------------------------------------------------------------------------------------------------------------------------------------------------------------------------------------------------------------------------------
| Tool Version : Vivado v.2024.2 (win64) Build 5239630 Fri Nov 08 22:35:27 MST 2024
| Date         : Mon Mar 16 17:40:15 2026
| Host         : DESKTOP-7S5KLHF running 64-bit major release  (build 9200)
| Command      : report_timing_summary -max_paths 10 -report_unconstrained -file top_UART_RXTX_timing_summary_routed.rpt -pb top_UART_RXTX_timing_summary_routed.pb -rpx top_UART_RXTX_timing_summary_routed.rpx -warn_on_violation
| Design       : top_UART_RXTX
| Device       : 7a100t-csg324
| Speed File   : -1  PRODUCTION 1.23 2018-06-13
| Design State : Routed
------------------------------------------------------------------------------------------------------------------------------------------------------------------------------------------------------------------------------------

Timing Summary Report

------------------------------------------------------------------------------------------------
| Timer Settings
| --------------
------------------------------------------------------------------------------------------------

  Enable Multi Corner Analysis               :  Yes
  Enable Pessimism Removal                   :  Yes
  Pessimism Removal Resolution               :  Nearest Common Node
  Enable Input Delay Default Clock           :  No
  Enable Preset / Clear Arcs                 :  No
  Disable Flight Delays                      :  No
  Ignore I/O Paths                           :  No
  Timing Early Launch at Borrowing Latches   :  No
  Borrow Time for Max Delay Exceptions       :  Yes
  Merge Timing Exceptions                    :  Yes
  Inter-SLR Compensation                     :  Conservative

  Corner  Analyze    Analyze    
  Name    Max Paths  Min Paths  
  ------  ---------  ---------  
  Slow    Yes        Yes        
  Fast    Yes        Yes        


------------------------------------------------------------------------------------------------
| Report Methodology
| ------------------
------------------------------------------------------------------------------------------------

Rule       Severity          Description                  Violations  
---------  ----------------  ---------------------------  ----------  
TIMING-17  Critical Warning  Non-clocked sequential cell  85          

Note: This report is based on the most recent report_methodology run and may not be up-to-date. Run report_methodology on the current design for the latest report.



check_timing report

Table of Contents
-----------------
1. checking no_clock (85)
2. checking constant_clock (0)
3. checking pulse_width_clock (0)
4. checking unconstrained_internal_endpoints (151)
5. checking no_input_delay (2)
6. checking no_output_delay (16)
7. checking multiple_clock (0)
8. checking generated_clocks (0)
9. checking loops (0)
10. checking partial_input_delay (0)
11. checking partial_output_delay (0)
12. checking latch_loops (0)

1. checking no_clock (85)
-------------------------
 There are 61 register/latch pins with no clock driven by root clock pin: Clk (HIGH)

 There are 8 register/latch pins with no clock driven by root clock pin: div/ClkOut_reg/Q (HIGH)

 There are 16 register/latch pins with no clock driven by root clock pin: rx/RX_valid_reg/Q (HIGH)


2. checking constant_clock (0)
------------------------------
 There are 0 register/latch pins with constant_clock.


3. checking pulse_width_clock (0)
---------------------------------
 There are 0 register/latch pins which need pulse_width check


4. checking unconstrained_internal_endpoints (151)
--------------------------------------------------
 There are 151 pins that are not constrained for maximum delay. (HIGH)

 There are 0 pins that are not constrained for maximum delay due to constant clock.


5. checking no_input_delay (2)
------------------------------
 There are 2 input ports with no input delay specified. (HIGH)

 There are 0 input ports with no input delay but user has a false path constraint.


6. checking no_output_delay (16)
--------------------------------
 There are 16 ports with no output delay specified. (HIGH)

 There are 0 ports with no output delay but user has a false path constraint

 There are 0 ports with no output delay but with a timing clock defined on it or propagating through it


7. checking multiple_clock (0)
------------------------------
 There are 0 register/latch pins with multiple clocks.


8. checking generated_clocks (0)
--------------------------------
 There are 0 generated clocks that are not connected to a clock source.


9. checking loops (0)
---------------------
 There are 0 combinational loops in the design.


10. checking partial_input_delay (0)
------------------------------------
 There are 0 input ports with partial input delay specified.


11. checking partial_output_delay (0)
-------------------------------------
 There are 0 ports with partial output delay specified.


12. checking latch_loops (0)
----------------------------
 There are 0 combinational latch loops in the design through latch input



------------------------------------------------------------------------------------------------
| Design Timing Summary
| ---------------------
------------------------------------------------------------------------------------------------

    WNS(ns)      TNS(ns)  TNS Failing Endpoints  TNS Total Endpoints      WHS(ns)      THS(ns)  THS Failing Endpoints  THS Total Endpoints     WPWS(ns)     TPWS(ns)  TPWS Failing Endpoints  TPWS Total Endpoints  
    -------      -------  ---------------------  -------------------      -------      -------  ---------------------  -------------------     --------     --------  ----------------------  --------------------  
        inf        0.000                      0                  167          inf        0.000                      0                  167           NA           NA                      NA                    NA  


There are no user specified timing constraints.


------------------------------------------------------------------------------------------------
| Clock Summary
| -------------
------------------------------------------------------------------------------------------------


------------------------------------------------------------------------------------------------
| Intra Clock Table
| -----------------
------------------------------------------------------------------------------------------------

Clock             WNS(ns)      TNS(ns)  TNS Failing Endpoints  TNS Total Endpoints      WHS(ns)      THS(ns)  THS Failing Endpoints  THS Total Endpoints     WPWS(ns)     TPWS(ns)  TPWS Failing Endpoints  TPWS Total Endpoints  
-----             -------      -------  ---------------------  -------------------      -------      -------  ---------------------  -------------------     --------     --------  ----------------------  --------------------  


------------------------------------------------------------------------------------------------
| Inter Clock Table
| -----------------
------------------------------------------------------------------------------------------------

From Clock    To Clock          WNS(ns)      TNS(ns)  TNS Failing Endpoints  TNS Total Endpoints      WHS(ns)      THS(ns)  THS Failing Endpoints  THS Total Endpoints  
----------    --------          -------      -------  ---------------------  -------------------      -------      -------  ---------------------  -------------------  


------------------------------------------------------------------------------------------------
| Other Path Groups Table
| -----------------------
------------------------------------------------------------------------------------------------

Path Group    From Clock    To Clock          WNS(ns)      TNS(ns)  TNS Failing Endpoints  TNS Total Endpoints      WHS(ns)      THS(ns)  THS Failing Endpoints  THS Total Endpoints  
----------    ----------    --------          -------      -------  ---------------------  -------------------      -------      -------  ---------------------  -------------------  


------------------------------------------------------------------------------------------------
| User Ignored Path Table
| -----------------------
------------------------------------------------------------------------------------------------

Path Group    From Clock    To Clock    
----------    ----------    --------    


------------------------------------------------------------------------------------------------
| Unconstrained Path Table
| ------------------------
------------------------------------------------------------------------------------------------

Path Group    From Clock    To Clock    
----------    ----------    --------    
(none)                                    


------------------------------------------------------------------------------------------------
| Timing Details
| --------------
------------------------------------------------------------------------------------------------


--------------------------------------------------------------------------------------
Path Group:  (none)
From Clock:  
  To Clock:  

Max Delay           167 Endpoints
Min Delay           167 Endpoints
--------------------------------------------------------------------------------------


Max Delay Paths
--------------------------------------------------------------------------------------
Slack:                    inf
  Source:                 disp/AN_reg_reg[1]/C
                            (rising edge-triggered cell FDRE)
  Destination:            B
                            (output port)
  Path Group:             (none)
  Path Type:              Max at Slow Process Corner
  Data Path Delay:        9.904ns  (logic 4.720ns (47.663%)  route 5.183ns (52.337%))
  Logic Levels:           4  (FDRE=1 LUT4=2 OBUF=1)

    Location             Delay type                Incr(ns)  Path(ns)    Netlist Resource(s)
  -------------------------------------------------------------------    -------------------
    SLICE_X1Y84          FDRE                         0.000     0.000 r  disp/AN_reg_reg[1]/C
    SLICE_X1Y84          FDRE (Prop_fdre_C_Q)         0.456     0.456 r  disp/AN_reg_reg[1]/Q
                         net (fo=6, routed)           1.297     1.753    disp/p_1_in[2]
    SLICE_X0Y92          LUT4 (Prop_lut4_I2_O)        0.150     1.903 r  disp/A_OBUF_inst_i_4/O
                         net (fo=7, routed)           0.890     2.793    disp/N__7[3]
    SLICE_X0Y92          LUT4 (Prop_lut4_I2_O)        0.356     3.149 r  disp/B_OBUF_inst_i_1/O
                         net (fo=1, routed)           2.997     6.145    B_OBUF
    R10                  OBUF (Prop_obuf_I_O)         3.758     9.904 r  B_OBUF_inst/O
                         net (fo=0)                   0.000     9.904    B
    R10                                                               r  B (OUT)
  -------------------------------------------------------------------    -------------------

Slack:                    inf
  Source:                 disp/AN_reg_reg[6]/C
                            (rising edge-triggered cell FDRE)
  Destination:            AN[6]
                            (output port)
  Path Group:             (none)
  Path Type:              Max at Slow Process Corner
  Data Path Delay:        9.800ns  (logic 4.098ns (41.813%)  route 5.702ns (58.187%))
  Logic Levels:           3  (FDRE=1 LUT1=1 OBUF=1)

    Location             Delay type                Incr(ns)  Path(ns)    Netlist Resource(s)
  -------------------------------------------------------------------    -------------------
    SLICE_X0Y84          FDRE                         0.000     0.000 r  disp/AN_reg_reg[6]/C
    SLICE_X0Y84          FDRE (Prop_fdre_C_Q)         0.456     0.456 f  disp/AN_reg_reg[6]/Q
                         net (fo=2, routed)           2.304     2.760    disp/p_1_in[7]
    SLICE_X46Y94         LUT1 (Prop_lut1_I0_O)        0.124     2.884 r  disp/AN_OBUF[6]_inst_i_1/O
                         net (fo=1, routed)           3.398     6.282    AN_OBUF[6]
    K2                   OBUF (Prop_obuf_I_O)         3.518     9.800 r  AN_OBUF[6]_inst/O
                         net (fo=0)                   0.000     9.800    AN[6]
    K2                                                                r  AN[6] (OUT)
  -------------------------------------------------------------------    -------------------

Slack:                    inf
  Source:                 disp/AN_reg_reg[1]/C
                            (rising edge-triggered cell FDRE)
  Destination:            A
                            (output port)
  Path Group:             (none)
  Path Type:              Max at Slow Process Corner
  Data Path Delay:        9.796ns  (logic 4.509ns (46.031%)  route 5.287ns (53.969%))
  Logic Levels:           4  (FDRE=1 LUT4=2 OBUF=1)

    Location             Delay type                Incr(ns)  Path(ns)    Netlist Resource(s)
  -------------------------------------------------------------------    -------------------
    SLICE_X1Y84          FDRE                         0.000     0.000 r  disp/AN_reg_reg[1]/C
    SLICE_X1Y84          FDRE (Prop_fdre_C_Q)         0.456     0.456 r  disp/AN_reg_reg[1]/Q
                         net (fo=6, routed)           1.297     1.753    disp/p_1_in[2]
    SLICE_X0Y92          LUT4 (Prop_lut4_I2_O)        0.150     1.903 r  disp/A_OBUF_inst_i_4/O
                         net (fo=7, routed)           1.019     2.922    disp/N__7[3]
    SLICE_X0Y90          LUT4 (Prop_lut4_I2_O)        0.326     3.248 r  disp/A_OBUF_inst_i_1/O
                         net (fo=1, routed)           2.971     6.219    A_OBUF
    T10                  OBUF (Prop_obuf_I_O)         3.577     9.796 r  A_OBUF_inst/O
                         net (fo=0)                   0.000     9.796    A
    T10                                                               r  A (OUT)
  -------------------------------------------------------------------    -------------------

Slack:                    inf
  Source:                 tx/TX_line_reg/C
                            (rising edge-triggered cell FDPE)
  Destination:            UART_RXD_OUT
                            (output port)
  Path Group:             (none)
  Path Type:              Max at Slow Process Corner
  Data Path Delay:        9.675ns  (logic 4.135ns (42.741%)  route 5.540ns (57.259%))
  Logic Levels:           3  (FDPE=1 LUT2=1 OBUF=1)

    Location             Delay type                Incr(ns)  Path(ns)    Netlist Resource(s)
  -------------------------------------------------------------------    -------------------
    SLICE_X1Y90          FDPE                         0.000     0.000 r  tx/TX_line_reg/C
    SLICE_X1Y90          FDPE (Prop_fdpe_C_Q)         0.456     0.456 r  tx/TX_line_reg/Q
                         net (fo=1, routed)           0.833     1.289    tx/TX_line
    SLICE_X2Y91          LUT2 (Prop_lut2_I0_O)        0.124     1.413 r  tx/UART_RXD_OUT_OBUF_inst_i_1/O
                         net (fo=1, routed)           4.707     6.120    UART_RXD_OUT_OBUF
    D4                   OBUF (Prop_obuf_I_O)         3.555     9.675 r  UART_RXD_OUT_OBUF_inst/O
                         net (fo=0)                   0.000     9.675    UART_RXD_OUT
    D4                                                                r  UART_RXD_OUT (OUT)
  -------------------------------------------------------------------    -------------------

Slack:                    inf
  Source:                 disp/AN_reg_reg[1]/C
                            (rising edge-triggered cell FDRE)
  Destination:            F
                            (output port)
  Path Group:             (none)
  Path Type:              Max at Slow Process Corner
  Data Path Delay:        9.528ns  (logic 4.493ns (47.155%)  route 5.035ns (52.845%))
  Logic Levels:           4  (FDRE=1 LUT4=2 OBUF=1)

    Location             Delay type                Incr(ns)  Path(ns)    Netlist Resource(s)
  -------------------------------------------------------------------    -------------------
    SLICE_X1Y84          FDRE                         0.000     0.000 r  disp/AN_reg_reg[1]/C
    SLICE_X1Y84          FDRE (Prop_fdre_C_Q)         0.456     0.456 r  disp/AN_reg_reg[1]/Q
                         net (fo=6, routed)           1.297     1.753    disp/p_1_in[2]
    SLICE_X0Y92          LUT4 (Prop_lut4_I2_O)        0.150     1.903 r  disp/A_OBUF_inst_i_4/O
                         net (fo=7, routed)           1.016     2.919    disp/N__7[3]
    SLICE_X0Y90          LUT4 (Prop_lut4_I2_O)        0.326     3.245 r  disp/F_OBUF_inst_i_1/O
                         net (fo=1, routed)           2.722     5.967    F_OBUF
    T11                  OBUF (Prop_obuf_I_O)         3.561     9.528 r  F_OBUF_inst/O
                         net (fo=0)                   0.000     9.528    F
    T11                                                               r  F (OUT)
  -------------------------------------------------------------------    -------------------

Slack:                    inf
  Source:                 disp/AN_reg_reg[1]/C
                            (rising edge-triggered cell FDRE)
  Destination:            D
                            (output port)
  Path Group:             (none)
  Path Type:              Max at Slow Process Corner
  Data Path Delay:        9.143ns  (logic 4.482ns (49.026%)  route 4.660ns (50.974%))
  Logic Levels:           4  (FDRE=1 LUT4=2 OBUF=1)

    Location             Delay type                Incr(ns)  Path(ns)    Netlist Resource(s)
  -------------------------------------------------------------------    -------------------
    SLICE_X1Y84          FDRE                         0.000     0.000 r  disp/AN_reg_reg[1]/C
    SLICE_X1Y84          FDRE (Prop_fdre_C_Q)         0.456     0.456 r  disp/AN_reg_reg[1]/Q
                         net (fo=6, routed)           1.297     1.753    disp/p_1_in[2]
    SLICE_X0Y92          LUT4 (Prop_lut4_I2_O)        0.150     1.903 r  disp/A_OBUF_inst_i_4/O
                         net (fo=7, routed)           0.891     2.794    disp/N__7[3]
    SLICE_X0Y92          LUT4 (Prop_lut4_I0_O)        0.326     3.120 r  disp/D_OBUF_inst_i_1/O
                         net (fo=1, routed)           2.472     5.592    D_OBUF
    K13                  OBUF (Prop_obuf_I_O)         3.550     9.143 r  D_OBUF_inst/O
                         net (fo=0)                   0.000     9.143    D
    K13                                                               r  D (OUT)
  -------------------------------------------------------------------    -------------------

Slack:                    inf
  Source:                 disp/AN_reg_reg[1]/C
                            (rising edge-triggered cell FDRE)
  Destination:            E
                            (output port)
  Path Group:             (none)
  Path Type:              Max at Slow Process Corner
  Data Path Delay:        9.050ns  (logic 4.699ns (51.919%)  route 4.351ns (48.081%))
  Logic Levels:           4  (FDRE=1 LUT4=2 OBUF=1)

    Location             Delay type                Incr(ns)  Path(ns)    Netlist Resource(s)
  -------------------------------------------------------------------    -------------------
    SLICE_X1Y84          FDRE                         0.000     0.000 r  disp/AN_reg_reg[1]/C
    SLICE_X1Y84          FDRE (Prop_fdre_C_Q)         0.456     0.456 f  disp/AN_reg_reg[1]/Q
                         net (fo=6, routed)           1.297     1.753    disp/p_1_in[2]
    SLICE_X0Y92          LUT4 (Prop_lut4_I2_O)        0.150     1.903 f  disp/A_OBUF_inst_i_4/O
                         net (fo=7, routed)           0.891     2.794    disp/N__7[3]
    SLICE_X0Y92          LUT4 (Prop_lut4_I1_O)        0.351     3.145 r  disp/E_OBUF_inst_i_1/O
                         net (fo=1, routed)           2.163     5.308    E_OBUF
    P15                  OBUF (Prop_obuf_I_O)         3.742     9.050 r  E_OBUF_inst/O
                         net (fo=0)                   0.000     9.050    E
    P15                                                               r  E (OUT)
  -------------------------------------------------------------------    -------------------

Slack:                    inf
  Source:                 disp/AN_reg_reg[1]/C
                            (rising edge-triggered cell FDRE)
  Destination:            G
                            (output port)
  Path Group:             (none)
  Path Type:              Max at Slow Process Corner
  Data Path Delay:        8.826ns  (logic 4.699ns (53.246%)  route 4.126ns (46.754%))
  Logic Levels:           4  (FDRE=1 LUT4=2 OBUF=1)

    Location             Delay type                Incr(ns)  Path(ns)    Netlist Resource(s)
  -------------------------------------------------------------------    -------------------
    SLICE_X1Y84          FDRE                         0.000     0.000 r  disp/AN_reg_reg[1]/C
    SLICE_X1Y84          FDRE (Prop_fdre_C_Q)         0.456     0.456 r  disp/AN_reg_reg[1]/Q
                         net (fo=6, routed)           1.297     1.753    disp/p_1_in[2]
    SLICE_X0Y92          LUT4 (Prop_lut4_I2_O)        0.150     1.903 r  disp/A_OBUF_inst_i_4/O
                         net (fo=7, routed)           1.016     2.919    disp/N__7[3]
    SLICE_X0Y90          LUT4 (Prop_lut4_I0_O)        0.354     3.273 r  disp/G_OBUF_inst_i_1/O
                         net (fo=1, routed)           1.813     5.086    G_OBUF
    L18                  OBUF (Prop_obuf_I_O)         3.739     8.826 r  G_OBUF_inst/O
                         net (fo=0)                   0.000     8.826    G
    L18                                                               r  G (OUT)
  -------------------------------------------------------------------    -------------------

Slack:                    inf
  Source:                 disp/AN_reg_reg[1]/C
                            (rising edge-triggered cell FDRE)
  Destination:            C
                            (output port)
  Path Group:             (none)
  Path Type:              Max at Slow Process Corner
  Data Path Delay:        8.637ns  (logic 4.425ns (51.233%)  route 4.212ns (48.767%))
  Logic Levels:           4  (FDRE=1 LUT4=2 OBUF=1)

    Location             Delay type                Incr(ns)  Path(ns)    Netlist Resource(s)
  -------------------------------------------------------------------    -------------------
    SLICE_X1Y84          FDRE                         0.000     0.000 r  disp/AN_reg_reg[1]/C
    SLICE_X1Y84          FDRE (Prop_fdre_C_Q)         0.456     0.456 r  disp/AN_reg_reg[1]/Q
                         net (fo=6, routed)           1.297     1.753    disp/p_1_in[2]
    SLICE_X0Y92          LUT4 (Prop_lut4_I2_O)        0.150     1.903 r  disp/A_OBUF_inst_i_4/O
                         net (fo=7, routed)           0.890     2.793    disp/N__7[3]
    SLICE_X0Y92          LUT4 (Prop_lut4_I0_O)        0.326     3.119 r  disp/C_OBUF_inst_i_1/O
                         net (fo=1, routed)           2.025     5.144    C_OBUF
    K16                  OBUF (Prop_obuf_I_O)         3.493     8.637 r  C_OBUF_inst/O
                         net (fo=0)                   0.000     8.637    C
    K16                                                               r  C (OUT)
  -------------------------------------------------------------------    -------------------

Slack:                    inf
  Source:                 UART_TXD_IN
                            (input port)
  Destination:            rx/FSM_sequential_State_reg[1]/D
  Path Group:             (none)
  Path Type:              Max at Slow Process Corner
  Data Path Delay:        8.179ns  (logic 1.764ns (21.563%)  route 6.416ns (78.437%))
  Logic Levels:           3  (IBUF=1 LUT5=1 LUT6=1)

    Location             Delay type                Incr(ns)  Path(ns)    Netlist Resource(s)
  -------------------------------------------------------------------    -------------------
    C4                                                0.000     0.000 r  UART_TXD_IN (IN)
                         net (fo=0)                   0.000     0.000    UART_TXD_IN
    C4                   IBUF (Prop_ibuf_I_O)         1.490     1.490 r  UART_TXD_IN_IBUF_inst/O
                         net (fo=14, routed)          4.828     6.318    rx/UART_TXD_IN_IBUF
    SLICE_X2Y94          LUT6 (Prop_lut6_I1_O)        0.124     6.442 r  rx/FSM_sequential_State[1]_i_2/O
                         net (fo=7, routed)           1.008     7.449    rx/FSM_sequential_State[1]_i_2_n_0
    SLICE_X4Y92          LUT5 (Prop_lut5_I3_O)        0.150     7.599 r  rx/FSM_sequential_State[1]_i_1/O
                         net (fo=1, routed)           0.580     8.179    rx/FSM_sequential_State[1]_i_1_n_0
    SLICE_X4Y92          FDRE                                         r  rx/FSM_sequential_State_reg[1]/D
  -------------------------------------------------------------------    -------------------





Min Delay Paths
--------------------------------------------------------------------------------------
Slack:                    inf
  Source:                 rx/RX_data_reg[2]/C
                            (rising edge-triggered cell FDRE)
  Destination:            tx/TX_byte_reg_reg[2]/D
  Path Group:             (none)
  Path Type:              Min at Fast Process Corner
  Data Path Delay:        0.211ns  (logic 0.141ns (66.677%)  route 0.070ns (33.323%))
  Logic Levels:           1  (FDRE=1)

    Location             Delay type                Incr(ns)  Path(ns)    Netlist Resource(s)
  -------------------------------------------------------------------    -------------------
    SLICE_X1Y91          FDRE                         0.000     0.000 r  rx/RX_data_reg[2]/C
    SLICE_X1Y91          FDRE (Prop_fdre_C_Q)         0.141     0.141 r  rx/RX_data_reg[2]/Q
                         net (fo=2, routed)           0.070     0.211    tx/D[2]
    SLICE_X0Y91          FDRE                                         r  tx/TX_byte_reg_reg[2]/D
  -------------------------------------------------------------------    -------------------

Slack:                    inf
  Source:                 rx/RX_reg_reg[7]/C
                            (rising edge-triggered cell FDRE)
  Destination:            rx/RX_data_reg[7]/D
  Path Group:             (none)
  Path Type:              Min at Fast Process Corner
  Data Path Delay:        0.259ns  (logic 0.141ns (54.389%)  route 0.118ns (45.611%))
  Logic Levels:           1  (FDRE=1)

    Location             Delay type                Incr(ns)  Path(ns)    Netlist Resource(s)
  -------------------------------------------------------------------    -------------------
    SLICE_X7Y93          FDRE                         0.000     0.000 r  rx/RX_reg_reg[7]/C
    SLICE_X7Y93          FDRE (Prop_fdre_C_Q)         0.141     0.141 r  rx/RX_reg_reg[7]/Q
                         net (fo=1, routed)           0.118     0.259    rx/RX_reg_reg_n_0_[7]
    SLICE_X2Y93          FDRE                                         r  rx/RX_data_reg[7]/D
  -------------------------------------------------------------------    -------------------

Slack:                    inf
  Source:                 rx/RX_data_reg[3]/C
                            (rising edge-triggered cell FDRE)
  Destination:            disp/LOWER_reg[3]/D
  Path Group:             (none)
  Path Type:              Min at Fast Process Corner
  Data Path Delay:        0.263ns  (logic 0.141ns (53.571%)  route 0.122ns (46.429%))
  Logic Levels:           1  (FDRE=1)

    Location             Delay type                Incr(ns)  Path(ns)    Netlist Resource(s)
  -------------------------------------------------------------------    -------------------
    SLICE_X1Y91          FDRE                         0.000     0.000 r  rx/RX_data_reg[3]/C
    SLICE_X1Y91          FDRE (Prop_fdre_C_Q)         0.141     0.141 r  rx/RX_data_reg[3]/Q
                         net (fo=2, routed)           0.122     0.263    disp/Q[3]
    SLICE_X0Y92          FDRE                                         r  disp/LOWER_reg[3]/D
  -------------------------------------------------------------------    -------------------

Slack:                    inf
  Source:                 rx/RX_data_reg[4]/C
                            (rising edge-triggered cell FDRE)
  Destination:            tx/TX_byte_reg_reg[4]/D
  Path Group:             (none)
  Path Type:              Min at Fast Process Corner
  Data Path Delay:        0.271ns  (logic 0.141ns (52.030%)  route 0.130ns (47.970%))
  Logic Levels:           1  (FDRE=1)

    Location             Delay type                Incr(ns)  Path(ns)    Netlist Resource(s)
  -------------------------------------------------------------------    -------------------
    SLICE_X1Y91          FDRE                         0.000     0.000 r  rx/RX_data_reg[4]/C
    SLICE_X1Y91          FDRE (Prop_fdre_C_Q)         0.141     0.141 r  rx/RX_data_reg[4]/Q
                         net (fo=2, routed)           0.130     0.271    tx/D[4]
    SLICE_X0Y91          FDRE                                         r  tx/TX_byte_reg_reg[4]/D
  -------------------------------------------------------------------    -------------------

Slack:                    inf
  Source:                 disp/AN_reg_reg[3]/C
                            (rising edge-triggered cell FDRE)
  Destination:            disp/AN_reg_reg[4]/D
  Path Group:             (none)
  Path Type:              Min at Fast Process Corner
  Data Path Delay:        0.273ns  (logic 0.141ns (51.605%)  route 0.132ns (48.395%))
  Logic Levels:           1  (FDRE=1)

    Location             Delay type                Incr(ns)  Path(ns)    Netlist Resource(s)
  -------------------------------------------------------------------    -------------------
    SLICE_X1Y84          FDRE                         0.000     0.000 r  disp/AN_reg_reg[3]/C
    SLICE_X1Y84          FDRE (Prop_fdre_C_Q)         0.141     0.141 r  disp/AN_reg_reg[3]/Q
                         net (fo=2, routed)           0.132     0.273    disp/p_1_in[4]
    SLICE_X0Y84          FDRE                                         r  disp/AN_reg_reg[4]/D
  -------------------------------------------------------------------    -------------------

Slack:                    inf
  Source:                 rx/RX_data_reg[5]/C
                            (rising edge-triggered cell FDRE)
  Destination:            tx/TX_byte_reg_reg[5]/D
  Path Group:             (none)
  Path Type:              Min at Fast Process Corner
  Data Path Delay:        0.273ns  (logic 0.164ns (60.004%)  route 0.109ns (39.996%))
  Logic Levels:           1  (FDRE=1)

    Location             Delay type                Incr(ns)  Path(ns)    Netlist Resource(s)
  -------------------------------------------------------------------    -------------------
    SLICE_X2Y92          FDRE                         0.000     0.000 r  rx/RX_data_reg[5]/C
    SLICE_X2Y92          FDRE (Prop_fdre_C_Q)         0.164     0.164 r  rx/RX_data_reg[5]/Q
                         net (fo=2, routed)           0.109     0.273    tx/D[5]
    SLICE_X0Y91          FDRE                                         r  tx/TX_byte_reg_reg[5]/D
  -------------------------------------------------------------------    -------------------

Slack:                    inf
  Source:                 rx/RX_data_reg[6]/C
                            (rising edge-triggered cell FDRE)
  Destination:            tx/TX_byte_reg_reg[6]/D
  Path Group:             (none)
  Path Type:              Min at Fast Process Corner
  Data Path Delay:        0.275ns  (logic 0.164ns (59.555%)  route 0.111ns (40.445%))
  Logic Levels:           1  (FDRE=1)

    Location             Delay type                Incr(ns)  Path(ns)    Netlist Resource(s)
  -------------------------------------------------------------------    -------------------
    SLICE_X2Y92          FDRE                         0.000     0.000 r  rx/RX_data_reg[6]/C
    SLICE_X2Y92          FDRE (Prop_fdre_C_Q)         0.164     0.164 r  rx/RX_data_reg[6]/Q
                         net (fo=2, routed)           0.111     0.275    tx/D[6]
    SLICE_X0Y91          FDRE                                         r  tx/TX_byte_reg_reg[6]/D
  -------------------------------------------------------------------    -------------------

Slack:                    inf
  Source:                 rx/RX_data_reg[6]/C
                            (rising edge-triggered cell FDRE)
  Destination:            disp/UPPER_reg[2]/D
  Path Group:             (none)
  Path Type:              Min at Fast Process Corner
  Data Path Delay:        0.277ns  (logic 0.164ns (59.162%)  route 0.113ns (40.838%))
  Logic Levels:           1  (FDRE=1)

    Location             Delay type                Incr(ns)  Path(ns)    Netlist Resource(s)
  -------------------------------------------------------------------    -------------------
    SLICE_X2Y92          FDRE                         0.000     0.000 r  rx/RX_data_reg[6]/C
    SLICE_X2Y92          FDRE (Prop_fdre_C_Q)         0.164     0.164 r  rx/RX_data_reg[6]/Q
                         net (fo=2, routed)           0.113     0.277    disp/Q[6]
    SLICE_X0Y92          FDRE                                         r  disp/UPPER_reg[2]/D
  -------------------------------------------------------------------    -------------------

Slack:                    inf
  Source:                 rx/RX_data_reg[7]/C
                            (rising edge-triggered cell FDRE)
  Destination:            disp/UPPER_reg[3]/D
  Path Group:             (none)
  Path Type:              Min at Fast Process Corner
  Data Path Delay:        0.279ns  (logic 0.164ns (58.764%)  route 0.115ns (41.236%))
  Logic Levels:           1  (FDRE=1)

    Location             Delay type                Incr(ns)  Path(ns)    Netlist Resource(s)
  -------------------------------------------------------------------    -------------------
    SLICE_X2Y93          FDRE                         0.000     0.000 r  rx/RX_data_reg[7]/C
    SLICE_X2Y93          FDRE (Prop_fdre_C_Q)         0.164     0.164 r  rx/RX_data_reg[7]/Q
                         net (fo=2, routed)           0.115     0.279    disp/Q[7]
    SLICE_X0Y92          FDRE                                         r  disp/UPPER_reg[3]/D
  -------------------------------------------------------------------    -------------------

Slack:                    inf
  Source:                 rx/RX_reg_reg[5]/C
                            (rising edge-triggered cell FDRE)
  Destination:            rx/RX_data_reg[5]/D
  Path Group:             (none)
  Path Type:              Min at Fast Process Corner
  Data Path Delay:        0.282ns  (logic 0.164ns (58.106%)  route 0.118ns (41.894%))
  Logic Levels:           1  (FDRE=1)

    Location             Delay type                Incr(ns)  Path(ns)    Netlist Resource(s)
  -------------------------------------------------------------------    -------------------
    SLICE_X6Y92          FDRE                         0.000     0.000 r  rx/RX_reg_reg[5]/C
    SLICE_X6Y92          FDRE (Prop_fdre_C_Q)         0.164     0.164 r  rx/RX_reg_reg[5]/Q
                         net (fo=1, routed)           0.118     0.282    rx/RX_reg_reg_n_0_[5]
    SLICE_X2Y92          FDRE                                         r  rx/RX_data_reg[5]/D
  -------------------------------------------------------------------    -------------------





