Copyright 1986-2022 Xilinx, Inc. All Rights Reserved. Copyright 2022-2024 Advanced Micro Devices, Inc. All Rights Reserved.
------------------------------------------------------------------------------------------------------------------------------------------------------------------------------------------------------------------------------------
| Tool Version : Vivado v.2024.2 (win64) Build 5239630 Fri Nov 08 22:35:27 MST 2024
| Date         : Fri Jan  9 15:53:45 2026
| Host         : DESKTOP-7S5KLHF running 64-bit major release  (build 9200)
| Command      : report_timing_summary -max_paths 10 -report_unconstrained -file top_UART_RXTX_timing_summary_routed.rpt -pb top_UART_RXTX_timing_summary_routed.pb -rpx top_UART_RXTX_timing_summary_routed.rpx -warn_on_violation
| Design       : top_UART_RXTX
| Device       : 7a100t-csg324
| Speed File   : -1  PRODUCTION 1.23 2018-06-13
| Design State : Routed
------------------------------------------------------------------------------------------------------------------------------------------------------------------------------------------------------------------------------------

Timing Summary Report

------------------------------------------------------------------------------------------------
| Timer Settings
| --------------
------------------------------------------------------------------------------------------------

  Enable Multi Corner Analysis               :  Yes
  Enable Pessimism Removal                   :  Yes
  Pessimism Removal Resolution               :  Nearest Common Node
  Enable Input Delay Default Clock           :  No
  Enable Preset / Clear Arcs                 :  No
  Disable Flight Delays                      :  No
  Ignore I/O Paths                           :  No
  Timing Early Launch at Borrowing Latches   :  No
  Borrow Time for Max Delay Exceptions       :  Yes
  Merge Timing Exceptions                    :  Yes
  Inter-SLR Compensation                     :  Conservative

  Corner  Analyze    Analyze    
  Name    Max Paths  Min Paths  
  ------  ---------  ---------  
  Slow    Yes        Yes        
  Fast    Yes        Yes        


------------------------------------------------------------------------------------------------
| Report Methodology
| ------------------
------------------------------------------------------------------------------------------------

Rule       Severity          Description                  Violations  
---------  ----------------  ---------------------------  ----------  
TIMING-17  Critical Warning  Non-clocked sequential cell  58          

Note: This report is based on the most recent report_methodology run and may not be up-to-date. Run report_methodology on the current design for the latest report.



check_timing report

Table of Contents
-----------------
1. checking no_clock (58)
2. checking constant_clock (0)
3. checking pulse_width_clock (0)
4. checking unconstrained_internal_endpoints (113)
5. checking no_input_delay (2)
6. checking no_output_delay (1)
7. checking multiple_clock (0)
8. checking generated_clocks (0)
9. checking loops (0)
10. checking partial_input_delay (0)
11. checking partial_output_delay (0)
12. checking latch_loops (0)

1. checking no_clock (58)
-------------------------
 There are 50 register/latch pins with no clock driven by root clock pin: Clk (HIGH)

 There are 8 register/latch pins with no clock driven by root clock pin: rx/RX_valid_reg/Q (HIGH)


2. checking constant_clock (0)
------------------------------
 There are 0 register/latch pins with constant_clock.


3. checking pulse_width_clock (0)
---------------------------------
 There are 0 register/latch pins which need pulse_width check


4. checking unconstrained_internal_endpoints (113)
--------------------------------------------------
 There are 113 pins that are not constrained for maximum delay. (HIGH)

 There are 0 pins that are not constrained for maximum delay due to constant clock.


5. checking no_input_delay (2)
------------------------------
 There are 2 input ports with no input delay specified. (HIGH)

 There are 0 input ports with no input delay but user has a false path constraint.


6. checking no_output_delay (1)
-------------------------------
 There is 1 port with no output delay specified. (HIGH)

 There are 0 ports with no output delay but user has a false path constraint

 There are 0 ports with no output delay but with a timing clock defined on it or propagating through it


7. checking multiple_clock (0)
------------------------------
 There are 0 register/latch pins with multiple clocks.


8. checking generated_clocks (0)
--------------------------------
 There are 0 generated clocks that are not connected to a clock source.


9. checking loops (0)
---------------------
 There are 0 combinational loops in the design.


10. checking partial_input_delay (0)
------------------------------------
 There are 0 input ports with partial input delay specified.


11. checking partial_output_delay (0)
-------------------------------------
 There are 0 ports with partial output delay specified.


12. checking latch_loops (0)
----------------------------
 There are 0 combinational latch loops in the design through latch input



------------------------------------------------------------------------------------------------
| Design Timing Summary
| ---------------------
------------------------------------------------------------------------------------------------

    WNS(ns)      TNS(ns)  TNS Failing Endpoints  TNS Total Endpoints      WHS(ns)      THS(ns)  THS Failing Endpoints  THS Total Endpoints     WPWS(ns)     TPWS(ns)  TPWS Failing Endpoints  TPWS Total Endpoints  
    -------      -------  ---------------------  -------------------      -------      -------  ---------------------  -------------------     --------     --------  ----------------------  --------------------  
        inf        0.000                      0                  114          inf        0.000                      0                  114           NA           NA                      NA                    NA  


There are no user specified timing constraints.


------------------------------------------------------------------------------------------------
| Clock Summary
| -------------
------------------------------------------------------------------------------------------------


------------------------------------------------------------------------------------------------
| Intra Clock Table
| -----------------
------------------------------------------------------------------------------------------------

Clock             WNS(ns)      TNS(ns)  TNS Failing Endpoints  TNS Total Endpoints      WHS(ns)      THS(ns)  THS Failing Endpoints  THS Total Endpoints     WPWS(ns)     TPWS(ns)  TPWS Failing Endpoints  TPWS Total Endpoints  
-----             -------      -------  ---------------------  -------------------      -------      -------  ---------------------  -------------------     --------     --------  ----------------------  --------------------  


------------------------------------------------------------------------------------------------
| Inter Clock Table
| -----------------
------------------------------------------------------------------------------------------------

From Clock    To Clock          WNS(ns)      TNS(ns)  TNS Failing Endpoints  TNS Total Endpoints      WHS(ns)      THS(ns)  THS Failing Endpoints  THS Total Endpoints  
----------    --------          -------      -------  ---------------------  -------------------      -------      -------  ---------------------  -------------------  


------------------------------------------------------------------------------------------------
| Other Path Groups Table
| -----------------------
------------------------------------------------------------------------------------------------

Path Group    From Clock    To Clock          WNS(ns)      TNS(ns)  TNS Failing Endpoints  TNS Total Endpoints      WHS(ns)      THS(ns)  THS Failing Endpoints  THS Total Endpoints  
----------    ----------    --------          -------      -------  ---------------------  -------------------      -------      -------  ---------------------  -------------------  


------------------------------------------------------------------------------------------------
| User Ignored Path Table
| -----------------------
------------------------------------------------------------------------------------------------

Path Group    From Clock    To Clock    
----------    ----------    --------    


------------------------------------------------------------------------------------------------
| Unconstrained Path Table
| ------------------------
------------------------------------------------------------------------------------------------

Path Group    From Clock    To Clock    
----------    ----------    --------    
(none)                                    


------------------------------------------------------------------------------------------------
| Timing Details
| --------------
------------------------------------------------------------------------------------------------


--------------------------------------------------------------------------------------
Path Group:  (none)
From Clock:  
  To Clock:  

Max Delay           114 Endpoints
Min Delay           114 Endpoints
--------------------------------------------------------------------------------------


Max Delay Paths
--------------------------------------------------------------------------------------
Slack:                    inf
  Source:                 Rst
                            (input port)
  Destination:            tx/TX_byte_reg_reg[0]/CE
  Path Group:             (none)
  Path Type:              Max at Slow Process Corner
  Data Path Delay:        8.179ns  (logic 1.601ns (19.571%)  route 6.578ns (80.429%))
  Logic Levels:           2  (IBUF=1 LUT4=1)

    Location             Delay type                Incr(ns)  Path(ns)    Netlist Resource(s)
  -------------------------------------------------------------------    -------------------
    N17                                               0.000     0.000 f  Rst (IN)
                         net (fo=0)                   0.000     0.000    Rst
    N17                  IBUF (Prop_ibuf_I_O)         1.477     1.477 f  Rst_IBUF_inst/O
                         net (fo=18, routed)          5.961     7.438    tx/Rst_IBUF
    SLICE_X87Y126        LUT4 (Prop_lut4_I3_O)        0.124     7.562 r  tx/TX_byte_reg[7]_i_1/O
                         net (fo=8, routed)           0.617     8.179    tx/TX_byte_reg[7]_i_1_n_0
    SLICE_X89Y129        FDRE                                         r  tx/TX_byte_reg_reg[0]/CE
  -------------------------------------------------------------------    -------------------

Slack:                    inf
  Source:                 Rst
                            (input port)
  Destination:            tx/TX_byte_reg_reg[5]/CE
  Path Group:             (none)
  Path Type:              Max at Slow Process Corner
  Data Path Delay:        8.179ns  (logic 1.601ns (19.571%)  route 6.578ns (80.429%))
  Logic Levels:           2  (IBUF=1 LUT4=1)

    Location             Delay type                Incr(ns)  Path(ns)    Netlist Resource(s)
  -------------------------------------------------------------------    -------------------
    N17                                               0.000     0.000 f  Rst (IN)
                         net (fo=0)                   0.000     0.000    Rst
    N17                  IBUF (Prop_ibuf_I_O)         1.477     1.477 f  Rst_IBUF_inst/O
                         net (fo=18, routed)          5.961     7.438    tx/Rst_IBUF
    SLICE_X87Y126        LUT4 (Prop_lut4_I3_O)        0.124     7.562 r  tx/TX_byte_reg[7]_i_1/O
                         net (fo=8, routed)           0.617     8.179    tx/TX_byte_reg[7]_i_1_n_0
    SLICE_X89Y129        FDRE                                         r  tx/TX_byte_reg_reg[5]/CE
  -------------------------------------------------------------------    -------------------

Slack:                    inf
  Source:                 Rst
                            (input port)
  Destination:            tx/TX_byte_reg_reg[6]/CE
  Path Group:             (none)
  Path Type:              Max at Slow Process Corner
  Data Path Delay:        8.179ns  (logic 1.601ns (19.571%)  route 6.578ns (80.429%))
  Logic Levels:           2  (IBUF=1 LUT4=1)

    Location             Delay type                Incr(ns)  Path(ns)    Netlist Resource(s)
  -------------------------------------------------------------------    -------------------
    N17                                               0.000     0.000 f  Rst (IN)
                         net (fo=0)                   0.000     0.000    Rst
    N17                  IBUF (Prop_ibuf_I_O)         1.477     1.477 f  Rst_IBUF_inst/O
                         net (fo=18, routed)          5.961     7.438    tx/Rst_IBUF
    SLICE_X87Y126        LUT4 (Prop_lut4_I3_O)        0.124     7.562 r  tx/TX_byte_reg[7]_i_1/O
                         net (fo=8, routed)           0.617     8.179    tx/TX_byte_reg[7]_i_1_n_0
    SLICE_X89Y129        FDRE                                         r  tx/TX_byte_reg_reg[6]/CE
  -------------------------------------------------------------------    -------------------

Slack:                    inf
  Source:                 Rst
                            (input port)
  Destination:            tx/TX_byte_reg_reg[7]/CE
  Path Group:             (none)
  Path Type:              Max at Slow Process Corner
  Data Path Delay:        8.179ns  (logic 1.601ns (19.571%)  route 6.578ns (80.429%))
  Logic Levels:           2  (IBUF=1 LUT4=1)

    Location             Delay type                Incr(ns)  Path(ns)    Netlist Resource(s)
  -------------------------------------------------------------------    -------------------
    N17                                               0.000     0.000 f  Rst (IN)
                         net (fo=0)                   0.000     0.000    Rst
    N17                  IBUF (Prop_ibuf_I_O)         1.477     1.477 f  Rst_IBUF_inst/O
                         net (fo=18, routed)          5.961     7.438    tx/Rst_IBUF
    SLICE_X87Y126        LUT4 (Prop_lut4_I3_O)        0.124     7.562 r  tx/TX_byte_reg[7]_i_1/O
                         net (fo=8, routed)           0.617     8.179    tx/TX_byte_reg[7]_i_1_n_0
    SLICE_X89Y129        FDRE                                         r  tx/TX_byte_reg_reg[7]/CE
  -------------------------------------------------------------------    -------------------

Slack:                    inf
  Source:                 Rst
                            (input port)
  Destination:            tx/TX_byte_reg_reg[1]/CE
  Path Group:             (none)
  Path Type:              Max at Slow Process Corner
  Data Path Delay:        8.046ns  (logic 1.601ns (19.894%)  route 6.445ns (80.106%))
  Logic Levels:           2  (IBUF=1 LUT4=1)

    Location             Delay type                Incr(ns)  Path(ns)    Netlist Resource(s)
  -------------------------------------------------------------------    -------------------
    N17                                               0.000     0.000 f  Rst (IN)
                         net (fo=0)                   0.000     0.000    Rst
    N17                  IBUF (Prop_ibuf_I_O)         1.477     1.477 f  Rst_IBUF_inst/O
                         net (fo=18, routed)          5.961     7.438    tx/Rst_IBUF
    SLICE_X87Y126        LUT4 (Prop_lut4_I3_O)        0.124     7.562 r  tx/TX_byte_reg[7]_i_1/O
                         net (fo=8, routed)           0.484     8.046    tx/TX_byte_reg[7]_i_1_n_0
    SLICE_X87Y129        FDRE                                         r  tx/TX_byte_reg_reg[1]/CE
  -------------------------------------------------------------------    -------------------

Slack:                    inf
  Source:                 Rst
                            (input port)
  Destination:            tx/TX_byte_reg_reg[2]/CE
  Path Group:             (none)
  Path Type:              Max at Slow Process Corner
  Data Path Delay:        8.046ns  (logic 1.601ns (19.894%)  route 6.445ns (80.106%))
  Logic Levels:           2  (IBUF=1 LUT4=1)

    Location             Delay type                Incr(ns)  Path(ns)    Netlist Resource(s)
  -------------------------------------------------------------------    -------------------
    N17                                               0.000     0.000 f  Rst (IN)
                         net (fo=0)                   0.000     0.000    Rst
    N17                  IBUF (Prop_ibuf_I_O)         1.477     1.477 f  Rst_IBUF_inst/O
                         net (fo=18, routed)          5.961     7.438    tx/Rst_IBUF
    SLICE_X87Y126        LUT4 (Prop_lut4_I3_O)        0.124     7.562 r  tx/TX_byte_reg[7]_i_1/O
                         net (fo=8, routed)           0.484     8.046    tx/TX_byte_reg[7]_i_1_n_0
    SLICE_X87Y129        FDRE                                         r  tx/TX_byte_reg_reg[2]/CE
  -------------------------------------------------------------------    -------------------

Slack:                    inf
  Source:                 Rst
                            (input port)
  Destination:            tx/TX_byte_reg_reg[3]/CE
  Path Group:             (none)
  Path Type:              Max at Slow Process Corner
  Data Path Delay:        8.046ns  (logic 1.601ns (19.894%)  route 6.445ns (80.106%))
  Logic Levels:           2  (IBUF=1 LUT4=1)

    Location             Delay type                Incr(ns)  Path(ns)    Netlist Resource(s)
  -------------------------------------------------------------------    -------------------
    N17                                               0.000     0.000 f  Rst (IN)
                         net (fo=0)                   0.000     0.000    Rst
    N17                  IBUF (Prop_ibuf_I_O)         1.477     1.477 f  Rst_IBUF_inst/O
                         net (fo=18, routed)          5.961     7.438    tx/Rst_IBUF
    SLICE_X87Y126        LUT4 (Prop_lut4_I3_O)        0.124     7.562 r  tx/TX_byte_reg[7]_i_1/O
                         net (fo=8, routed)           0.484     8.046    tx/TX_byte_reg[7]_i_1_n_0
    SLICE_X87Y129        FDRE                                         r  tx/TX_byte_reg_reg[3]/CE
  -------------------------------------------------------------------    -------------------

Slack:                    inf
  Source:                 Rst
                            (input port)
  Destination:            tx/TX_byte_reg_reg[4]/CE
  Path Group:             (none)
  Path Type:              Max at Slow Process Corner
  Data Path Delay:        8.046ns  (logic 1.601ns (19.894%)  route 6.445ns (80.106%))
  Logic Levels:           2  (IBUF=1 LUT4=1)

    Location             Delay type                Incr(ns)  Path(ns)    Netlist Resource(s)
  -------------------------------------------------------------------    -------------------
    N17                                               0.000     0.000 f  Rst (IN)
                         net (fo=0)                   0.000     0.000    Rst
    N17                  IBUF (Prop_ibuf_I_O)         1.477     1.477 f  Rst_IBUF_inst/O
                         net (fo=18, routed)          5.961     7.438    tx/Rst_IBUF
    SLICE_X87Y126        LUT4 (Prop_lut4_I3_O)        0.124     7.562 r  tx/TX_byte_reg[7]_i_1/O
                         net (fo=8, routed)           0.484     8.046    tx/TX_byte_reg[7]_i_1_n_0
    SLICE_X87Y129        FDRE                                         r  tx/TX_byte_reg_reg[4]/CE
  -------------------------------------------------------------------    -------------------

Slack:                    inf
  Source:                 Rst
                            (input port)
  Destination:            tx/bit_index_reg[0]/CLR
  Path Group:             (none)
  Path Type:              Max at Slow Process Corner
  Data Path Delay:        6.984ns  (logic 1.477ns (21.142%)  route 5.508ns (78.858%))
  Logic Levels:           1  (IBUF=1)

    Location             Delay type                Incr(ns)  Path(ns)    Netlist Resource(s)
  -------------------------------------------------------------------    -------------------
    N17                                               0.000     0.000 f  Rst (IN)
                         net (fo=0)                   0.000     0.000    Rst
    N17                  IBUF (Prop_ibuf_I_O)         1.477     1.477 f  Rst_IBUF_inst/O
                         net (fo=18, routed)          5.508     6.984    tx/Rst_IBUF
    SLICE_X86Y126        FDCE                                         f  tx/bit_index_reg[0]/CLR
  -------------------------------------------------------------------    -------------------

Slack:                    inf
  Source:                 Rst
                            (input port)
  Destination:            tx/bit_index_reg[1]/CLR
  Path Group:             (none)
  Path Type:              Max at Slow Process Corner
  Data Path Delay:        6.984ns  (logic 1.477ns (21.142%)  route 5.508ns (78.858%))
  Logic Levels:           1  (IBUF=1)

    Location             Delay type                Incr(ns)  Path(ns)    Netlist Resource(s)
  -------------------------------------------------------------------    -------------------
    N17                                               0.000     0.000 f  Rst (IN)
                         net (fo=0)                   0.000     0.000    Rst
    N17                  IBUF (Prop_ibuf_I_O)         1.477     1.477 f  Rst_IBUF_inst/O
                         net (fo=18, routed)          5.508     6.984    tx/Rst_IBUF
    SLICE_X86Y126        FDCE                                         f  tx/bit_index_reg[1]/CLR
  -------------------------------------------------------------------    -------------------





Min Delay Paths
--------------------------------------------------------------------------------------
Slack:                    inf
  Source:                 rx/RX_reg_reg[0]/C
                            (rising edge-triggered cell FDRE)
  Destination:            rx/RX_data_reg[0]/D
  Path Group:             (none)
  Path Type:              Min at Fast Process Corner
  Data Path Delay:        0.251ns  (logic 0.141ns (56.174%)  route 0.110ns (43.826%))
  Logic Levels:           1  (FDRE=1)

    Location             Delay type                Incr(ns)  Path(ns)    Netlist Resource(s)
  -------------------------------------------------------------------    -------------------
    SLICE_X89Y133        FDRE                         0.000     0.000 r  rx/RX_reg_reg[0]/C
    SLICE_X89Y133        FDRE (Prop_fdre_C_Q)         0.141     0.141 r  rx/RX_reg_reg[0]/Q
                         net (fo=1, routed)           0.110     0.251    rx/RX_reg_reg_n_0_[0]
    SLICE_X89Y132        FDRE                                         r  rx/RX_data_reg[0]/D
  -------------------------------------------------------------------    -------------------

Slack:                    inf
  Source:                 rx/RX_reg_reg[4]/C
                            (rising edge-triggered cell FDRE)
  Destination:            rx/RX_data_reg[4]/D
  Path Group:             (none)
  Path Type:              Min at Fast Process Corner
  Data Path Delay:        0.274ns  (logic 0.164ns (59.853%)  route 0.110ns (40.147%))
  Logic Levels:           1  (FDRE=1)

    Location             Delay type                Incr(ns)  Path(ns)    Netlist Resource(s)
  -------------------------------------------------------------------    -------------------
    SLICE_X88Y128        FDRE                         0.000     0.000 r  rx/RX_reg_reg[4]/C
    SLICE_X88Y128        FDRE (Prop_fdre_C_Q)         0.164     0.164 r  rx/RX_reg_reg[4]/Q
                         net (fo=1, routed)           0.110     0.274    rx/RX_reg_reg_n_0_[4]
    SLICE_X88Y127        FDRE                                         r  rx/RX_data_reg[4]/D
  -------------------------------------------------------------------    -------------------

Slack:                    inf
  Source:                 tx/FSM_sequential_State_reg[1]/C
                            (rising edge-triggered cell FDCE)
  Destination:            tx/bit_index_reg[0]/D
  Path Group:             (none)
  Path Type:              Min at Fast Process Corner
  Data Path Delay:        0.307ns  (logic 0.186ns (60.559%)  route 0.121ns (39.441%))
  Logic Levels:           2  (FDCE=1 LUT4=1)

    Location             Delay type                Incr(ns)  Path(ns)    Netlist Resource(s)
  -------------------------------------------------------------------    -------------------
    SLICE_X87Y126        FDCE                         0.000     0.000 r  tx/FSM_sequential_State_reg[1]/C
    SLICE_X87Y126        FDCE (Prop_fdce_C_Q)         0.141     0.141 r  tx/FSM_sequential_State_reg[1]/Q
                         net (fo=16, routed)          0.121     0.262    tx/FSM_sequential_State_reg_n_0_[1]
    SLICE_X86Y126        LUT4 (Prop_lut4_I2_O)        0.045     0.307 r  tx/bit_index[0]_i_1/O
                         net (fo=1, routed)           0.000     0.307    tx/bit_index[0]_i_1_n_0
    SLICE_X86Y126        FDCE                                         r  tx/bit_index_reg[0]/D
  -------------------------------------------------------------------    -------------------

Slack:                    inf
  Source:                 tx/FSM_sequential_State_reg[1]/C
                            (rising edge-triggered cell FDCE)
  Destination:            tx/bit_index_reg[1]/D
  Path Group:             (none)
  Path Type:              Min at Fast Process Corner
  Data Path Delay:        0.310ns  (logic 0.189ns (60.941%)  route 0.121ns (39.059%))
  Logic Levels:           2  (FDCE=1 LUT5=1)

    Location             Delay type                Incr(ns)  Path(ns)    Netlist Resource(s)
  -------------------------------------------------------------------    -------------------
    SLICE_X87Y126        FDCE                         0.000     0.000 r  tx/FSM_sequential_State_reg[1]/C
    SLICE_X87Y126        FDCE (Prop_fdce_C_Q)         0.141     0.141 r  tx/FSM_sequential_State_reg[1]/Q
                         net (fo=16, routed)          0.121     0.262    tx/FSM_sequential_State_reg_n_0_[1]
    SLICE_X86Y126        LUT5 (Prop_lut5_I3_O)        0.048     0.310 r  tx/bit_index[1]_i_1/O
                         net (fo=1, routed)           0.000     0.310    tx/bit_index[1]_i_1_n_0
    SLICE_X86Y126        FDCE                                         r  tx/bit_index_reg[1]/D
  -------------------------------------------------------------------    -------------------

Slack:                    inf
  Source:                 rx/RX_data_reg[7]/C
                            (rising edge-triggered cell FDRE)
  Destination:            tx/TX_byte_reg_reg[7]/D
  Path Group:             (none)
  Path Type:              Min at Fast Process Corner
  Data Path Delay:        0.310ns  (logic 0.141ns (45.463%)  route 0.169ns (54.537%))
  Logic Levels:           1  (FDRE=1)

    Location             Delay type                Incr(ns)  Path(ns)    Netlist Resource(s)
  -------------------------------------------------------------------    -------------------
    SLICE_X89Y132        FDRE                         0.000     0.000 r  rx/RX_data_reg[7]/C
    SLICE_X89Y132        FDRE (Prop_fdre_C_Q)         0.141     0.141 r  rx/RX_data_reg[7]/Q
                         net (fo=1, routed)           0.169     0.310    tx/D[7]
    SLICE_X89Y129        FDRE                                         r  tx/TX_byte_reg_reg[7]/D
  -------------------------------------------------------------------    -------------------

Slack:                    inf
  Source:                 rx/RX_reg_reg[1]/C
                            (rising edge-triggered cell FDRE)
  Destination:            rx/RX_data_reg[1]/D
  Path Group:             (none)
  Path Type:              Min at Fast Process Corner
  Data Path Delay:        0.311ns  (logic 0.141ns (45.322%)  route 0.170ns (54.678%))
  Logic Levels:           1  (FDRE=1)

    Location             Delay type                Incr(ns)  Path(ns)    Netlist Resource(s)
  -------------------------------------------------------------------    -------------------
    SLICE_X89Y134        FDRE                         0.000     0.000 r  rx/RX_reg_reg[1]/C
    SLICE_X89Y134        FDRE (Prop_fdre_C_Q)         0.141     0.141 r  rx/RX_reg_reg[1]/Q
                         net (fo=1, routed)           0.170     0.311    rx/RX_reg_reg_n_0_[1]
    SLICE_X88Y131        FDRE                                         r  rx/RX_data_reg[1]/D
  -------------------------------------------------------------------    -------------------

Slack:                    inf
  Source:                 rx/RX_data_reg[5]/C
                            (rising edge-triggered cell FDRE)
  Destination:            tx/TX_byte_reg_reg[5]/D
  Path Group:             (none)
  Path Type:              Min at Fast Process Corner
  Data Path Delay:        0.311ns  (logic 0.141ns (45.317%)  route 0.170ns (54.683%))
  Logic Levels:           1  (FDRE=1)

    Location             Delay type                Incr(ns)  Path(ns)    Netlist Resource(s)
  -------------------------------------------------------------------    -------------------
    SLICE_X89Y132        FDRE                         0.000     0.000 r  rx/RX_data_reg[5]/C
    SLICE_X89Y132        FDRE (Prop_fdre_C_Q)         0.141     0.141 r  rx/RX_data_reg[5]/Q
                         net (fo=1, routed)           0.170     0.311    tx/D[5]
    SLICE_X89Y129        FDRE                                         r  tx/TX_byte_reg_reg[5]/D
  -------------------------------------------------------------------    -------------------

Slack:                    inf
  Source:                 rx/RX_data_reg[3]/C
                            (rising edge-triggered cell FDRE)
  Destination:            tx/TX_byte_reg_reg[3]/D
  Path Group:             (none)
  Path Type:              Min at Fast Process Corner
  Data Path Delay:        0.317ns  (logic 0.164ns (51.717%)  route 0.153ns (48.283%))
  Logic Levels:           1  (FDRE=1)

    Location             Delay type                Incr(ns)  Path(ns)    Netlist Resource(s)
  -------------------------------------------------------------------    -------------------
    SLICE_X88Y131        FDRE                         0.000     0.000 r  rx/RX_data_reg[3]/C
    SLICE_X88Y131        FDRE (Prop_fdre_C_Q)         0.164     0.164 r  rx/RX_data_reg[3]/Q
                         net (fo=1, routed)           0.153     0.317    tx/D[3]
    SLICE_X87Y129        FDRE                                         r  tx/TX_byte_reg_reg[3]/D
  -------------------------------------------------------------------    -------------------

Slack:                    inf
  Source:                 rx/RX_data_reg[1]/C
                            (rising edge-triggered cell FDRE)
  Destination:            tx/TX_byte_reg_reg[1]/D
  Path Group:             (none)
  Path Type:              Min at Fast Process Corner
  Data Path Delay:        0.317ns  (logic 0.164ns (51.712%)  route 0.153ns (48.288%))
  Logic Levels:           1  (FDRE=1)

    Location             Delay type                Incr(ns)  Path(ns)    Netlist Resource(s)
  -------------------------------------------------------------------    -------------------
    SLICE_X88Y131        FDRE                         0.000     0.000 r  rx/RX_data_reg[1]/C
    SLICE_X88Y131        FDRE (Prop_fdre_C_Q)         0.164     0.164 r  rx/RX_data_reg[1]/Q
                         net (fo=1, routed)           0.153     0.317    tx/D[1]
    SLICE_X87Y129        FDRE                                         r  tx/TX_byte_reg_reg[1]/D
  -------------------------------------------------------------------    -------------------

Slack:                    inf
  Source:                 rx/RX_data_reg[2]/C
                            (rising edge-triggered cell FDRE)
  Destination:            tx/TX_byte_reg_reg[2]/D
  Path Group:             (none)
  Path Type:              Min at Fast Process Corner
  Data Path Delay:        0.317ns  (logic 0.164ns (51.712%)  route 0.153ns (48.288%))
  Logic Levels:           1  (FDRE=1)

    Location             Delay type                Incr(ns)  Path(ns)    Netlist Resource(s)
  -------------------------------------------------------------------    -------------------
    SLICE_X88Y131        FDRE                         0.000     0.000 r  rx/RX_data_reg[2]/C
    SLICE_X88Y131        FDRE (Prop_fdre_C_Q)         0.164     0.164 r  rx/RX_data_reg[2]/Q
                         net (fo=1, routed)           0.153     0.317    tx/D[2]
    SLICE_X87Y129        FDRE                                         r  tx/TX_byte_reg_reg[2]/D
  -------------------------------------------------------------------    -------------------





