Copyright 1986-2022 Xilinx, Inc. All Rights Reserved. Copyright 2022-2024 Advanced Micro Devices, Inc. All Rights Reserved.
---------------------------------------------------------------------------------------------------------------------------------------------
| Tool Version : Vivado v.2024.2 (win64) Build 5239630 Fri Nov 08 22:35:27 MST 2024
| Date         : Fri Jan  9 15:53:05 2026
| Host         : DESKTOP-7S5KLHF running 64-bit major release  (build 9200)
| Command      : report_control_sets -verbose -file top_UART_RXTX_control_sets_placed.rpt
| Design       : top_UART_RXTX
| Device       : xc7a100t
---------------------------------------------------------------------------------------------------------------------------------------------

Control Set Information

Table of Contents
-----------------
1. Summary
2. Histogram
3. Flip-Flop Distribution
4. Detailed Control Set Information

1. Summary
----------

+----------------------------------------------------------+-------+
|                          Status                          | Count |
+----------------------------------------------------------+-------+
| Total control sets                                       |    14 |
|    Minimum number of control sets                        |    14 |
|    Addition due to synthesis replication                 |     0 |
|    Addition due to physical synthesis replication        |     0 |
| Unused register locations in slices containing registers |    70 |
+----------------------------------------------------------+-------+
* Control sets can be merged at opt_design using control_set_merge or merge_equivalent_drivers
** Run report_qor_suggestions for automated merging and remapping suggestions


2. Histogram
------------

+--------------------+-------+
|       Fanout       | Count |
+--------------------+-------+
| Total control sets |    14 |
| >= 0 to < 4        |     8 |
| >= 4 to < 6        |     1 |
| >= 6 to < 8        |     2 |
| >= 8 to < 10       |     2 |
| >= 10 to < 12      |     0 |
| >= 12 to < 14      |     0 |
| >= 14 to < 16      |     0 |
| >= 16              |     1 |
+--------------------+-------+
* Control sets can be remapped at either synth_design or opt_design


3. Flip-Flop Distribution
-------------------------

+--------------+-----------------------+------------------------+-----------------+--------------+
| Clock Enable | Synchronous Set/Reset | Asynchronous Set/Reset | Total Registers | Total Slices |
+--------------+-----------------------+------------------------+-----------------+--------------+
| No           | No                    | No                     |              14 |            6 |
| No           | No                    | Yes                    |              17 |            7 |
| No           | Yes                   | No                     |               0 |            0 |
| Yes          | No                    | No                     |              16 |           10 |
| Yes          | No                    | Yes                    |               0 |            0 |
| Yes          | Yes                   | No                     |              11 |            4 |
+--------------+-----------------------+------------------------+-----------------+--------------+


4. Detailed Control Set Information
-----------------------------------

+----------------+---------------------------+--------------------------+------------------+----------------+--------------+
|  Clock Signal  |       Enable Signal       |     Set/Reset Signal     | Slice Load Count | Bel Load Count | Bels / Slice |
+----------------+---------------------------+--------------------------+------------------+----------------+--------------+
|  Clk_IBUF_BUFG | rx/RX_reg[1]              |                          |                1 |              1 |         1.00 |
|  Clk_IBUF_BUFG | rx/RX_reg[0]              |                          |                1 |              1 |         1.00 |
|  Clk_IBUF_BUFG | rx/RX_reg[3]              |                          |                1 |              1 |         1.00 |
|  Clk_IBUF_BUFG | rx/RX_reg[2]              |                          |                1 |              1 |         1.00 |
|  Clk_IBUF_BUFG | rx/RX_reg[4]              |                          |                1 |              1 |         1.00 |
|  Clk_IBUF_BUFG | rx/RX_reg[5]              |                          |                1 |              1 |         1.00 |
|  Clk_IBUF_BUFG | rx/RX_reg[6]              |                          |                1 |              1 |         1.00 |
|  Clk_IBUF_BUFG | rx/RX_reg[7]              |                          |                1 |              1 |         1.00 |
|  Clk_IBUF_BUFG | rx/bit_index              | rx/RX_valid0             |                1 |              4 |         4.00 |
|  Clk_IBUF_BUFG |                           |                          |                3 |              6 |         2.00 |
|  Clk_IBUF_BUFG | rx/counter                | rx/counter[9]_i_1__0_n_0 |                3 |              7 |         2.33 |
|  rx/RX_valid   |                           |                          |                3 |              8 |         2.67 |
|  Clk_IBUF_BUFG | tx/TX_byte_reg[7]_i_1_n_0 |                          |                2 |              8 |         4.00 |
|  Clk_IBUF_BUFG |                           | Rst_IBUF                 |                7 |             17 |         2.43 |
+----------------+---------------------------+--------------------------+------------------+----------------+--------------+


