#-----------------------------------------------------------
# Vivado v2024.2 (64-bit)
# SW Build 5239630 on Fri Nov 08 22:35:27 MST 2024
# IP Build 5239520 on Sun Nov 10 16:12:51 MST 2024
# SharedData Build 5239561 on Fri Nov 08 14:39:27 MST 2024
# Start of session at: Thu Nov  6 16:42:48 2025
# Process ID         : 6636
# Current directory  : C:/HDL/Digital_Design_Labs/Final Project/Final Project.runs/synth_1
# Command line       : vivado.exe -log Top.vds -product Vivado -mode batch -messageDb vivado.pb -notrace -source Top.tcl
# Log file           : C:/HDL/Digital_Design_Labs/Final Project/Final Project.runs/synth_1/Top.vds
# Journal file       : C:/HDL/Digital_Design_Labs/Final Project/Final Project.runs/synth_1\vivado.jou
# Running On         : DESKTOP-7S5KLHF
# Platform           : Windows Server 2016 or Windows 10
# Operating System   : 26200
# Processor Detail   : AMD Ryzen 5 4500U with Radeon Graphics         
# CPU Frequency      : 2370 MHz
# CPU Physical cores : 6
# CPU Logical cores  : 6
# Host memory        : 16504 MB
# Swap memory        : 4309 MB
# Total Virtual      : 20814 MB
# Available Virtual  : 3497 MB
#-----------------------------------------------------------
source Top.tcl -notrace
