#-----------------------------------------------------------
# Vivado v2024.2 (64-bit)
# SW Build 5239630 on Fri Nov 08 22:35:27 MST 2024
# IP Build 5239520 on Sun Nov 10 16:12:51 MST 2024
# SharedData Build 5239561 on Fri Nov 08 14:39:27 MST 2024
# Start of session at: Sun May 18 00:34:00 2025
# Process ID         : 7576
# Current directory  : C:/Users/jorda/HDL/HDL-1/debounce_toggle_btn/debounce_toggle_btn.runs/impl_1
# Command line       : vivado.exe -log toggle_btn.vdi -applog -product Vivado -messageDb vivado.pb -mode batch -source toggle_btn.tcl -notrace
# Log file           : C:/Users/jorda/HDL/HDL-1/debounce_toggle_btn/debounce_toggle_btn.runs/impl_1/toggle_btn.vdi
# Journal file       : C:/Users/jorda/HDL/HDL-1/debounce_toggle_btn/debounce_toggle_btn.runs/impl_1\vivado.jou
# Running On         : DESKTOP-7S5KLHF
# Platform           : Windows Server 2016 or Windows 10
# Operating System   : 22631
# Processor Detail   : AMD Ryzen 5 4500U with Radeon Graphics         
# CPU Frequency      : 2370 MHz
# CPU Physical cores : 6
# CPU Logical cores  : 6
# Host memory        : 16504 MB
# Swap memory        : 9126 MB
# Total Virtual      : 25631 MB
# Available Virtual  : 14301 MB
#-----------------------------------------------------------
source toggle_btn.tcl -notrace
