Copyright 1986-2022 Xilinx, Inc. All Rights Reserved. Copyright 2022-2024 Advanced Micro Devices, Inc. All Rights Reserved.
---------------------------------------------------------------------------------------------------------------------------------------------------------------------------------------------------------------------------------------
| Tool Version : Vivado v.2024.2 (win64) Build 5239630 Fri Nov 08 22:35:27 MST 2024
| Date         : Sun Dec 28 23:16:11 2025
| Host         : DESKTOP-7S5KLHF running 64-bit major release  (build 9200)
| Command      : report_timing_summary -max_paths 10 -report_unconstrained -file top_VGAdisplay_timing_summary_routed.rpt -pb top_VGAdisplay_timing_summary_routed.pb -rpx top_VGAdisplay_timing_summary_routed.rpx -warn_on_violation
| Design       : top_VGAdisplay
| Device       : 7a100t-csg324
| Speed File   : -1  PRODUCTION 1.23 2018-06-13
| Design State : Routed
---------------------------------------------------------------------------------------------------------------------------------------------------------------------------------------------------------------------------------------

Timing Summary Report

------------------------------------------------------------------------------------------------
| Timer Settings
| --------------
------------------------------------------------------------------------------------------------

  Enable Multi Corner Analysis               :  Yes
  Enable Pessimism Removal                   :  Yes
  Pessimism Removal Resolution               :  Nearest Common Node
  Enable Input Delay Default Clock           :  No
  Enable Preset / Clear Arcs                 :  No
  Disable Flight Delays                      :  No
  Ignore I/O Paths                           :  No
  Timing Early Launch at Borrowing Latches   :  No
  Borrow Time for Max Delay Exceptions       :  Yes
  Merge Timing Exceptions                    :  Yes
  Inter-SLR Compensation                     :  Conservative

  Corner  Analyze    Analyze    
  Name    Max Paths  Min Paths  
  ------  ---------  ---------  
  Slow    Yes        Yes        
  Fast    Yes        Yes        


------------------------------------------------------------------------------------------------
| Report Methodology
| ------------------
------------------------------------------------------------------------------------------------

Rule       Severity          Description                     Violations  
---------  ----------------  ------------------------------  ----------  
TIMING-17  Critical Warning  Non-clocked sequential cell     35          
LUTAR-1    Warning           LUT drives async reset alert    4           
TIMING-20  Warning           Non-clocked latch               5           
LATCH-1    Advisory          Existing latches in the design  1           

Note: This report is based on the most recent report_methodology run and may not be up-to-date. Run report_methodology on the current design for the latest report.



check_timing report

Table of Contents
-----------------
1. checking no_clock (125)
2. checking constant_clock (0)
3. checking pulse_width_clock (0)
4. checking unconstrained_internal_endpoints (75)
5. checking no_input_delay (1)
6. checking no_output_delay (14)
7. checking multiple_clock (0)
8. checking generated_clocks (0)
9. checking loops (0)
10. checking partial_input_delay (0)
11. checking partial_output_delay (0)
12. checking latch_loops (0)

1. checking no_clock (125)
--------------------------
 There are 15 register/latch pins with no clock driven by root clock pin: Clk (HIGH)

 There are 5 register/latch pins with no clock driven by root clock pin: cnt/H_counter_reg[0]/Q (HIGH)

 There are 5 register/latch pins with no clock driven by root clock pin: cnt/H_counter_reg[1]/Q (HIGH)

 There are 5 register/latch pins with no clock driven by root clock pin: cnt/H_counter_reg[2]/Q (HIGH)

 There are 5 register/latch pins with no clock driven by root clock pin: cnt/H_counter_reg[3]/Q (HIGH)

 There are 5 register/latch pins with no clock driven by root clock pin: cnt/H_counter_reg[4]/Q (HIGH)

 There are 5 register/latch pins with no clock driven by root clock pin: cnt/H_counter_reg[5]/Q (HIGH)

 There are 5 register/latch pins with no clock driven by root clock pin: cnt/H_counter_reg[6]/Q (HIGH)

 There are 5 register/latch pins with no clock driven by root clock pin: cnt/H_counter_reg[7]/Q (HIGH)

 There are 5 register/latch pins with no clock driven by root clock pin: cnt/H_counter_reg[8]/Q (HIGH)

 There are 5 register/latch pins with no clock driven by root clock pin: cnt/H_counter_reg[9]/Q (HIGH)

 There are 20 register/latch pins with no clock driven by root clock pin: cnt/Pix_clk_en_reg/Q (HIGH)

 There are 5 register/latch pins with no clock driven by root clock pin: cnt/V_counter_reg[2]/Q (HIGH)

 There are 5 register/latch pins with no clock driven by root clock pin: cnt/V_counter_reg[3]/Q (HIGH)

 There are 5 register/latch pins with no clock driven by root clock pin: cnt/V_counter_reg[4]/Q (HIGH)

 There are 5 register/latch pins with no clock driven by root clock pin: cnt/V_counter_reg[5]/Q (HIGH)

 There are 5 register/latch pins with no clock driven by root clock pin: cnt/V_counter_reg[6]/Q (HIGH)

 There are 5 register/latch pins with no clock driven by root clock pin: cnt/V_counter_reg[7]/Q (HIGH)

 There are 5 register/latch pins with no clock driven by root clock pin: cnt/V_counter_reg[8]/Q (HIGH)

 There are 5 register/latch pins with no clock driven by root clock pin: cnt/V_counter_reg[9]/Q (HIGH)


2. checking constant_clock (0)
------------------------------
 There are 0 register/latch pins with constant_clock.


3. checking pulse_width_clock (0)
---------------------------------
 There are 0 register/latch pins which need pulse_width check


4. checking unconstrained_internal_endpoints (75)
-------------------------------------------------
 There are 75 pins that are not constrained for maximum delay. (HIGH)

 There are 0 pins that are not constrained for maximum delay due to constant clock.


5. checking no_input_delay (1)
------------------------------
 There is 1 input port with no input delay specified. (HIGH)

 There are 0 input ports with no input delay but user has a false path constraint.


6. checking no_output_delay (14)
--------------------------------
 There are 14 ports with no output delay specified. (HIGH)

 There are 0 ports with no output delay but user has a false path constraint

 There are 0 ports with no output delay but with a timing clock defined on it or propagating through it


7. checking multiple_clock (0)
------------------------------
 There are 0 register/latch pins with multiple clocks.


8. checking generated_clocks (0)
--------------------------------
 There are 0 generated clocks that are not connected to a clock source.


9. checking loops (0)
---------------------
 There are 0 combinational loops in the design.


10. checking partial_input_delay (0)
------------------------------------
 There are 0 input ports with partial input delay specified.


11. checking partial_output_delay (0)
-------------------------------------
 There are 0 ports with partial output delay specified.


12. checking latch_loops (0)
----------------------------
 There are 0 combinational latch loops in the design through latch input



------------------------------------------------------------------------------------------------
| Design Timing Summary
| ---------------------
------------------------------------------------------------------------------------------------

    WNS(ns)      TNS(ns)  TNS Failing Endpoints  TNS Total Endpoints      WHS(ns)      THS(ns)  THS Failing Endpoints  THS Total Endpoints     WPWS(ns)     TPWS(ns)  TPWS Failing Endpoints  TPWS Total Endpoints  
    -------      -------  ---------------------  -------------------      -------      -------  ---------------------  -------------------     --------     --------  ----------------------  --------------------  
        inf        0.000                      0                   89          inf        0.000                      0                   89           NA           NA                      NA                    NA  


There are no user specified timing constraints.


------------------------------------------------------------------------------------------------
| Clock Summary
| -------------
------------------------------------------------------------------------------------------------


------------------------------------------------------------------------------------------------
| Intra Clock Table
| -----------------
------------------------------------------------------------------------------------------------

Clock             WNS(ns)      TNS(ns)  TNS Failing Endpoints  TNS Total Endpoints      WHS(ns)      THS(ns)  THS Failing Endpoints  THS Total Endpoints     WPWS(ns)     TPWS(ns)  TPWS Failing Endpoints  TPWS Total Endpoints  
-----             -------      -------  ---------------------  -------------------      -------      -------  ---------------------  -------------------     --------     --------  ----------------------  --------------------  


------------------------------------------------------------------------------------------------
| Inter Clock Table
| -----------------
------------------------------------------------------------------------------------------------

From Clock    To Clock          WNS(ns)      TNS(ns)  TNS Failing Endpoints  TNS Total Endpoints      WHS(ns)      THS(ns)  THS Failing Endpoints  THS Total Endpoints  
----------    --------          -------      -------  ---------------------  -------------------      -------      -------  ---------------------  -------------------  


------------------------------------------------------------------------------------------------
| Other Path Groups Table
| -----------------------
------------------------------------------------------------------------------------------------

Path Group    From Clock    To Clock          WNS(ns)      TNS(ns)  TNS Failing Endpoints  TNS Total Endpoints      WHS(ns)      THS(ns)  THS Failing Endpoints  THS Total Endpoints  
----------    ----------    --------          -------      -------  ---------------------  -------------------      -------      -------  ---------------------  -------------------  


------------------------------------------------------------------------------------------------
| User Ignored Path Table
| -----------------------
------------------------------------------------------------------------------------------------

Path Group    From Clock    To Clock    
----------    ----------    --------    


------------------------------------------------------------------------------------------------
| Unconstrained Path Table
| ------------------------
------------------------------------------------------------------------------------------------

Path Group    From Clock    To Clock    
----------    ----------    --------    
(none)                                    


------------------------------------------------------------------------------------------------
| Timing Details
| --------------
------------------------------------------------------------------------------------------------


--------------------------------------------------------------------------------------
Path Group:  (none)
From Clock:  
  To Clock:  

Max Delay            89 Endpoints
Min Delay            89 Endpoints
--------------------------------------------------------------------------------------


Max Delay Paths
--------------------------------------------------------------------------------------
Slack:                    inf
  Source:                 cnt/V_counter_reg[7]/C
                            (rising edge-triggered cell FDRE)
  Destination:            V_sync
                            (output port)
  Path Group:             (none)
  Path Type:              Max at Slow Process Corner
  Data Path Delay:        10.381ns  (logic 4.807ns (46.308%)  route 5.574ns (53.692%))
  Logic Levels:           4  (FDRE=1 LUT4=1 LUT6=1 OBUF=1)

    Location             Delay type                Incr(ns)  Path(ns)    Netlist Resource(s)
  -------------------------------------------------------------------    -------------------
    SLICE_X85Y142        FDRE                         0.000     0.000 r  cnt/V_counter_reg[7]/C
    SLICE_X85Y142        FDRE (Prop_fdre_C_Q)         0.590     0.590 f  cnt/V_counter_reg[7]/Q
                         net (fo=8, routed)           0.871     1.461    cnt/y_pixel[7]
    SLICE_X85Y143        LUT4 (Prop_lut4_I2_O)        0.325     1.786 r  cnt/V_sync_OBUF_inst_i_2/O
                         net (fo=2, routed)           0.690     2.476    cnt/V_sync_OBUF_inst_i_2_n_0
    SLICE_X85Y143        LUT6 (Prop_lut6_I0_O)        0.327     2.803 r  cnt/V_sync_OBUF_inst_i_1/O
                         net (fo=1, routed)           4.013     6.816    V_sync_OBUF
    B12                  OBUF (Prop_obuf_I_O)         3.565    10.381 r  V_sync_OBUF_inst/O
                         net (fo=0)                   0.000    10.381    V_sync
    B12                                                               r  V_sync (OUT)
  -------------------------------------------------------------------    -------------------

Slack:                    inf
  Source:                 cnt/H_counter_reg[9]/C
                            (rising edge-triggered cell FDRE)
  Destination:            H_sync
                            (output port)
  Path Group:             (none)
  Path Type:              Max at Slow Process Corner
  Data Path Delay:        9.798ns  (logic 4.454ns (45.454%)  route 5.344ns (54.546%))
  Logic Levels:           3  (FDRE=1 LUT6=1 OBUF=1)

    Location             Delay type                Incr(ns)  Path(ns)    Netlist Resource(s)
  -------------------------------------------------------------------    -------------------
    SLICE_X86Y142        FDRE                         0.000     0.000 r  cnt/H_counter_reg[9]/C
    SLICE_X86Y142        FDRE (Prop_fdre_C_Q)         0.590     0.590 f  cnt/H_counter_reg[9]/Q
                         net (fo=16, routed)          1.165     1.755    cnt/x_pixel[9]
    SLICE_X89Y142        LUT6 (Prop_lut6_I3_O)        0.299     2.054 r  cnt/H_sync_OBUF_inst_i_1/O
                         net (fo=1, routed)           4.180     6.233    H_sync_OBUF
    B11                  OBUF (Prop_obuf_I_O)         3.565     9.798 r  H_sync_OBUF_inst/O
                         net (fo=0)                   0.000     9.798    H_sync
    B11                                                               r  H_sync (OUT)
  -------------------------------------------------------------------    -------------------

Slack:                    inf
  Source:                 Rst
                            (input port)
  Destination:            cnt/V_counter_reg[4]/R
  Path Group:             (none)
  Path Type:              Max at Slow Process Corner
  Data Path Delay:        8.022ns  (logic 1.601ns (19.954%)  route 6.421ns (80.046%))
  Logic Levels:           2  (IBUF=1 LUT4=1)

    Location             Delay type                Incr(ns)  Path(ns)    Netlist Resource(s)
  -------------------------------------------------------------------    -------------------
    N17                                               0.000     0.000 r  Rst (IN)
                         net (fo=0)                   0.000     0.000    Rst
    N17                  IBUF (Prop_ibuf_I_O)         1.477     1.477 r  Rst_IBUF_inst/O
                         net (fo=4, routed)           5.466     6.942    cnt/Rst_IBUF
    SLICE_X84Y142        LUT4 (Prop_lut4_I0_O)        0.124     7.066 r  cnt/V_counter[9]_i_1/O
                         net (fo=10, routed)          0.955     8.022    cnt/V_counter[9]_i_1_n_0
    SLICE_X84Y142        FDRE                                         r  cnt/V_counter_reg[4]/R
  -------------------------------------------------------------------    -------------------

Slack:                    inf
  Source:                 Rst
                            (input port)
  Destination:            cnt/V_counter_reg[5]/R
  Path Group:             (none)
  Path Type:              Max at Slow Process Corner
  Data Path Delay:        8.022ns  (logic 1.601ns (19.954%)  route 6.421ns (80.046%))
  Logic Levels:           2  (IBUF=1 LUT4=1)

    Location             Delay type                Incr(ns)  Path(ns)    Netlist Resource(s)
  -------------------------------------------------------------------    -------------------
    N17                                               0.000     0.000 r  Rst (IN)
                         net (fo=0)                   0.000     0.000    Rst
    N17                  IBUF (Prop_ibuf_I_O)         1.477     1.477 r  Rst_IBUF_inst/O
                         net (fo=4, routed)           5.466     6.942    cnt/Rst_IBUF
    SLICE_X84Y142        LUT4 (Prop_lut4_I0_O)        0.124     7.066 r  cnt/V_counter[9]_i_1/O
                         net (fo=10, routed)          0.955     8.022    cnt/V_counter[9]_i_1_n_0
    SLICE_X84Y142        FDRE                                         r  cnt/V_counter_reg[5]/R
  -------------------------------------------------------------------    -------------------

Slack:                    inf
  Source:                 Rst
                            (input port)
  Destination:            cnt/V_counter_reg[6]/R
  Path Group:             (none)
  Path Type:              Max at Slow Process Corner
  Data Path Delay:        8.022ns  (logic 1.601ns (19.954%)  route 6.421ns (80.046%))
  Logic Levels:           2  (IBUF=1 LUT4=1)

    Location             Delay type                Incr(ns)  Path(ns)    Netlist Resource(s)
  -------------------------------------------------------------------    -------------------
    N17                                               0.000     0.000 r  Rst (IN)
                         net (fo=0)                   0.000     0.000    Rst
    N17                  IBUF (Prop_ibuf_I_O)         1.477     1.477 r  Rst_IBUF_inst/O
                         net (fo=4, routed)           5.466     6.942    cnt/Rst_IBUF
    SLICE_X84Y142        LUT4 (Prop_lut4_I0_O)        0.124     7.066 r  cnt/V_counter[9]_i_1/O
                         net (fo=10, routed)          0.955     8.022    cnt/V_counter[9]_i_1_n_0
    SLICE_X85Y142        FDRE                                         r  cnt/V_counter_reg[6]/R
  -------------------------------------------------------------------    -------------------

Slack:                    inf
  Source:                 Rst
                            (input port)
  Destination:            cnt/V_counter_reg[7]/R
  Path Group:             (none)
  Path Type:              Max at Slow Process Corner
  Data Path Delay:        8.022ns  (logic 1.601ns (19.954%)  route 6.421ns (80.046%))
  Logic Levels:           2  (IBUF=1 LUT4=1)

    Location             Delay type                Incr(ns)  Path(ns)    Netlist Resource(s)
  -------------------------------------------------------------------    -------------------
    N17                                               0.000     0.000 r  Rst (IN)
                         net (fo=0)                   0.000     0.000    Rst
    N17                  IBUF (Prop_ibuf_I_O)         1.477     1.477 r  Rst_IBUF_inst/O
                         net (fo=4, routed)           5.466     6.942    cnt/Rst_IBUF
    SLICE_X84Y142        LUT4 (Prop_lut4_I0_O)        0.124     7.066 r  cnt/V_counter[9]_i_1/O
                         net (fo=10, routed)          0.955     8.022    cnt/V_counter[9]_i_1_n_0
    SLICE_X85Y142        FDRE                                         r  cnt/V_counter_reg[7]/R
  -------------------------------------------------------------------    -------------------

Slack:                    inf
  Source:                 Rst
                            (input port)
  Destination:            cnt/V_counter_reg[9]/R
  Path Group:             (none)
  Path Type:              Max at Slow Process Corner
  Data Path Delay:        8.022ns  (logic 1.601ns (19.954%)  route 6.421ns (80.046%))
  Logic Levels:           2  (IBUF=1 LUT4=1)

    Location             Delay type                Incr(ns)  Path(ns)    Netlist Resource(s)
  -------------------------------------------------------------------    -------------------
    N17                                               0.000     0.000 r  Rst (IN)
                         net (fo=0)                   0.000     0.000    Rst
    N17                  IBUF (Prop_ibuf_I_O)         1.477     1.477 r  Rst_IBUF_inst/O
                         net (fo=4, routed)           5.466     6.942    cnt/Rst_IBUF
    SLICE_X84Y142        LUT4 (Prop_lut4_I0_O)        0.124     7.066 r  cnt/V_counter[9]_i_1/O
                         net (fo=10, routed)          0.955     8.022    cnt/V_counter[9]_i_1_n_0
    SLICE_X85Y142        FDRE                                         r  cnt/V_counter_reg[9]/R
  -------------------------------------------------------------------    -------------------

Slack:                    inf
  Source:                 Rst
                            (input port)
  Destination:            cnt/V_counter_reg[0]/R
  Path Group:             (none)
  Path Type:              Max at Slow Process Corner
  Data Path Delay:        7.664ns  (logic 1.601ns (20.883%)  route 6.064ns (79.117%))
  Logic Levels:           2  (IBUF=1 LUT4=1)

    Location             Delay type                Incr(ns)  Path(ns)    Netlist Resource(s)
  -------------------------------------------------------------------    -------------------
    N17                                               0.000     0.000 r  Rst (IN)
                         net (fo=0)                   0.000     0.000    Rst
    N17                  IBUF (Prop_ibuf_I_O)         1.477     1.477 r  Rst_IBUF_inst/O
                         net (fo=4, routed)           5.466     6.942    cnt/Rst_IBUF
    SLICE_X84Y142        LUT4 (Prop_lut4_I0_O)        0.124     7.066 r  cnt/V_counter[9]_i_1/O
                         net (fo=10, routed)          0.598     7.664    cnt/V_counter[9]_i_1_n_0
    SLICE_X85Y143        FDRE                                         r  cnt/V_counter_reg[0]/R
  -------------------------------------------------------------------    -------------------

Slack:                    inf
  Source:                 Rst
                            (input port)
  Destination:            cnt/V_counter_reg[1]/R
  Path Group:             (none)
  Path Type:              Max at Slow Process Corner
  Data Path Delay:        7.664ns  (logic 1.601ns (20.883%)  route 6.064ns (79.117%))
  Logic Levels:           2  (IBUF=1 LUT4=1)

    Location             Delay type                Incr(ns)  Path(ns)    Netlist Resource(s)
  -------------------------------------------------------------------    -------------------
    N17                                               0.000     0.000 r  Rst (IN)
                         net (fo=0)                   0.000     0.000    Rst
    N17                  IBUF (Prop_ibuf_I_O)         1.477     1.477 r  Rst_IBUF_inst/O
                         net (fo=4, routed)           5.466     6.942    cnt/Rst_IBUF
    SLICE_X84Y142        LUT4 (Prop_lut4_I0_O)        0.124     7.066 r  cnt/V_counter[9]_i_1/O
                         net (fo=10, routed)          0.598     7.664    cnt/V_counter[9]_i_1_n_0
    SLICE_X85Y143        FDRE                                         r  cnt/V_counter_reg[1]/R
  -------------------------------------------------------------------    -------------------

Slack:                    inf
  Source:                 Rst
                            (input port)
  Destination:            cnt/V_counter_reg[2]/R
  Path Group:             (none)
  Path Type:              Max at Slow Process Corner
  Data Path Delay:        7.664ns  (logic 1.601ns (20.883%)  route 6.064ns (79.117%))
  Logic Levels:           2  (IBUF=1 LUT4=1)

    Location             Delay type                Incr(ns)  Path(ns)    Netlist Resource(s)
  -------------------------------------------------------------------    -------------------
    N17                                               0.000     0.000 r  Rst (IN)
                         net (fo=0)                   0.000     0.000    Rst
    N17                  IBUF (Prop_ibuf_I_O)         1.477     1.477 r  Rst_IBUF_inst/O
                         net (fo=4, routed)           5.466     6.942    cnt/Rst_IBUF
    SLICE_X84Y142        LUT4 (Prop_lut4_I0_O)        0.124     7.066 r  cnt/V_counter[9]_i_1/O
                         net (fo=10, routed)          0.598     7.664    cnt/V_counter[9]_i_1_n_0
    SLICE_X85Y143        FDRE                                         r  cnt/V_counter_reg[2]/R
  -------------------------------------------------------------------    -------------------





Min Delay Paths
--------------------------------------------------------------------------------------
Slack:                    inf
  Source:                 ns/RGB_reg[11]/G
                            (positive level-sensitive latch)
  Destination:            RGB_buff_reg[11]/D
  Path Group:             (none)
  Path Type:              Min at Fast Process Corner
  Data Path Delay:        0.268ns  (logic 0.158ns (58.954%)  route 0.110ns (41.046%))
  Logic Levels:           1  (LDCE=1)

    Location             Delay type                Incr(ns)  Path(ns)    Netlist Resource(s)
  -------------------------------------------------------------------    -------------------
    SLICE_X89Y142        LDCE                         0.000     0.000 r  ns/RGB_reg[11]/G
    SLICE_X89Y142        LDCE (EnToQ_ldce_G_Q)        0.158     0.158 r  ns/RGB_reg[11]/Q
                         net (fo=2, routed)           0.110     0.268    RGB_reg[11]
    SLICE_X89Y141        FDRE                                         r  RGB_buff_reg[11]/D
  -------------------------------------------------------------------    -------------------

Slack:                    inf
  Source:                 ns/RGB_reg[10]/G
                            (positive level-sensitive latch)
  Destination:            RGB_buff_reg[10]_lopt_replica/D
  Path Group:             (none)
  Path Type:              Min at Fast Process Corner
  Data Path Delay:        0.280ns  (logic 0.158ns (56.388%)  route 0.122ns (43.612%))
  Logic Levels:           1  (LDCE=1)

    Location             Delay type                Incr(ns)  Path(ns)    Netlist Resource(s)
  -------------------------------------------------------------------    -------------------
    SLICE_X89Y142        LDCE                         0.000     0.000 r  ns/RGB_reg[10]/G
    SLICE_X89Y142        LDCE (EnToQ_ldce_G_Q)        0.158     0.158 r  ns/RGB_reg[10]/Q
                         net (fo=2, routed)           0.122     0.280    RGB_reg[10]
    SLICE_X89Y141        FDRE                                         r  RGB_buff_reg[10]_lopt_replica/D
  -------------------------------------------------------------------    -------------------

Slack:                    inf
  Source:                 ns/RGB_reg[7]/G
                            (positive level-sensitive latch)
  Destination:            RGB_buff_reg[7]/D
  Path Group:             (none)
  Path Type:              Min at Fast Process Corner
  Data Path Delay:        0.319ns  (logic 0.220ns (68.913%)  route 0.099ns (31.087%))
  Logic Levels:           1  (LDCE=1)

    Location             Delay type                Incr(ns)  Path(ns)    Netlist Resource(s)
  -------------------------------------------------------------------    -------------------
    SLICE_X87Y142        LDCE                         0.000     0.000 r  ns/RGB_reg[7]/G
    SLICE_X87Y142        LDCE (EnToQ_ldce_G_Q)        0.220     0.220 r  ns/RGB_reg[7]/Q
                         net (fo=2, routed)           0.099     0.319    RGB_reg[7]
    SLICE_X89Y143        FDRE                                         r  RGB_buff_reg[7]/D
  -------------------------------------------------------------------    -------------------

Slack:                    inf
  Source:                 ns/RGB_reg[11]/G
                            (positive level-sensitive latch)
  Destination:            RGB_buff_reg[11]_lopt_replica/D
  Path Group:             (none)
  Path Type:              Min at Fast Process Corner
  Data Path Delay:        0.328ns  (logic 0.158ns (48.131%)  route 0.170ns (51.869%))
  Logic Levels:           1  (LDCE=1)

    Location             Delay type                Incr(ns)  Path(ns)    Netlist Resource(s)
  -------------------------------------------------------------------    -------------------
    SLICE_X89Y142        LDCE                         0.000     0.000 r  ns/RGB_reg[11]/G
    SLICE_X89Y142        LDCE (EnToQ_ldce_G_Q)        0.158     0.158 r  ns/RGB_reg[11]/Q
                         net (fo=2, routed)           0.170     0.328    RGB_reg[11]
    SLICE_X89Y141        FDRE                                         r  RGB_buff_reg[11]_lopt_replica/D
  -------------------------------------------------------------------    -------------------

Slack:                    inf
  Source:                 cnt/Div_Clk_reg[1]/C
                            (rising edge-triggered cell FDRE)
  Destination:            cnt/Pix_clk_en_reg/D
  Path Group:             (none)
  Path Type:              Min at Fast Process Corner
  Data Path Delay:        0.370ns  (logic 0.207ns (55.930%)  route 0.163ns (44.070%))
  Logic Levels:           2  (FDRE=1 LUT2=1)

    Location             Delay type                Incr(ns)  Path(ns)    Netlist Resource(s)
  -------------------------------------------------------------------    -------------------
    SLICE_X84Y141        FDRE                         0.000     0.000 r  cnt/Div_Clk_reg[1]/C
    SLICE_X84Y141        FDRE (Prop_fdre_C_Q)         0.164     0.164 r  cnt/Div_Clk_reg[1]/Q
                         net (fo=2, routed)           0.163     0.327    cnt/Div_Clk[1]
    SLICE_X84Y141        LUT2 (Prop_lut2_I1_O)        0.043     0.370 r  cnt/Pix_clk_en_i_1/O
                         net (fo=1, routed)           0.000     0.370    cnt/Pix_clk_en_i_1_n_0
    SLICE_X84Y141        FDRE                                         r  cnt/Pix_clk_en_reg/D
  -------------------------------------------------------------------    -------------------

Slack:                    inf
  Source:                 cnt/Div_Clk_reg[1]/C
                            (rising edge-triggered cell FDRE)
  Destination:            cnt/Div_Clk_reg[1]/D
  Path Group:             (none)
  Path Type:              Min at Fast Process Corner
  Data Path Delay:        0.372ns  (logic 0.209ns (56.167%)  route 0.163ns (43.833%))
  Logic Levels:           2  (FDRE=1 LUT3=1)

    Location             Delay type                Incr(ns)  Path(ns)    Netlist Resource(s)
  -------------------------------------------------------------------    -------------------
    SLICE_X84Y141        FDRE                         0.000     0.000 r  cnt/Div_Clk_reg[1]/C
    SLICE_X84Y141        FDRE (Prop_fdre_C_Q)         0.164     0.164 r  cnt/Div_Clk_reg[1]/Q
                         net (fo=2, routed)           0.163     0.327    cnt/Div_Clk[1]
    SLICE_X84Y141        LUT3 (Prop_lut3_I0_O)        0.045     0.372 r  cnt/Div_Clk[1]_i_1/O
                         net (fo=1, routed)           0.000     0.372    cnt/Div_Clk[1]_i_1_n_0
    SLICE_X84Y141        FDRE                                         r  cnt/Div_Clk_reg[1]/D
  -------------------------------------------------------------------    -------------------

Slack:                    inf
  Source:                 cnt/H_counter_reg[0]/C
                            (rising edge-triggered cell FDRE)
  Destination:            cnt/H_counter_reg[4]/D
  Path Group:             (none)
  Path Type:              Min at Fast Process Corner
  Data Path Delay:        0.373ns  (logic 0.242ns (64.857%)  route 0.131ns (35.143%))
  Logic Levels:           2  (FDRE=1 LUT5=1)

    Location             Delay type                Incr(ns)  Path(ns)    Netlist Resource(s)
  -------------------------------------------------------------------    -------------------
    SLICE_X86Y141        FDRE                         0.000     0.000 r  cnt/H_counter_reg[0]/C
    SLICE_X86Y141        FDRE (Prop_fdre_C_Q)         0.194     0.194 r  cnt/H_counter_reg[0]/Q
                         net (fo=11, routed)          0.131     0.325    cnt/x_pixel[0]
    SLICE_X87Y141        LUT5 (Prop_lut5_I3_O)        0.048     0.373 r  cnt/H_counter[4]_i_1/O
                         net (fo=1, routed)           0.000     0.373    cnt/H_counter[4]_i_1_n_0
    SLICE_X87Y141        FDRE                                         r  cnt/H_counter_reg[4]/D
  -------------------------------------------------------------------    -------------------

Slack:                    inf
  Source:                 ns/RGB_reg[6]/G
                            (positive level-sensitive latch)
  Destination:            RGB_buff_reg[6]_lopt_replica/D
  Path Group:             (none)
  Path Type:              Min at Fast Process Corner
  Data Path Delay:        0.376ns  (logic 0.158ns (42.034%)  route 0.218ns (57.966%))
  Logic Levels:           1  (LDCE=1)

    Location             Delay type                Incr(ns)  Path(ns)    Netlist Resource(s)
  -------------------------------------------------------------------    -------------------
    SLICE_X87Y143        LDCE                         0.000     0.000 r  ns/RGB_reg[6]/G
    SLICE_X87Y143        LDCE (EnToQ_ldce_G_Q)        0.158     0.158 r  ns/RGB_reg[6]/Q
                         net (fo=2, routed)           0.218     0.376    RGB_reg[6]
    SLICE_X88Y145        FDRE                                         r  RGB_buff_reg[6]_lopt_replica/D
  -------------------------------------------------------------------    -------------------

Slack:                    inf
  Source:                 ns/RGB_reg[7]/G
                            (positive level-sensitive latch)
  Destination:            RGB_buff_reg[7]_lopt_replica/D
  Path Group:             (none)
  Path Type:              Min at Fast Process Corner
  Data Path Delay:        0.380ns  (logic 0.220ns (57.969%)  route 0.160ns (42.031%))
  Logic Levels:           1  (LDCE=1)

    Location             Delay type                Incr(ns)  Path(ns)    Netlist Resource(s)
  -------------------------------------------------------------------    -------------------
    SLICE_X87Y142        LDCE                         0.000     0.000 r  ns/RGB_reg[7]/G
    SLICE_X87Y142        LDCE (EnToQ_ldce_G_Q)        0.220     0.220 r  ns/RGB_reg[7]/Q
                         net (fo=2, routed)           0.160     0.380    RGB_reg[7]
    SLICE_X89Y143        FDRE                                         r  RGB_buff_reg[7]_lopt_replica/D
  -------------------------------------------------------------------    -------------------

Slack:                    inf
  Source:                 ns/RGB_reg[3]/G
                            (positive level-sensitive latch)
  Destination:            RGB_buff_reg[3]_lopt_replica_2/D
  Path Group:             (none)
  Path Type:              Min at Fast Process Corner
  Data Path Delay:        0.402ns  (logic 0.178ns (44.256%)  route 0.224ns (55.744%))
  Logic Levels:           1  (LDCE=1)

    Location             Delay type                Incr(ns)  Path(ns)    Netlist Resource(s)
  -------------------------------------------------------------------    -------------------
    SLICE_X88Y143        LDCE                         0.000     0.000 r  ns/RGB_reg[3]/G
    SLICE_X88Y143        LDCE (EnToQ_ldce_G_Q)        0.178     0.178 r  ns/RGB_reg[3]/Q
                         net (fo=4, routed)           0.224     0.402    RGB_reg[3]
    SLICE_X88Y135        FDRE                                         r  RGB_buff_reg[3]_lopt_replica_2/D
  -------------------------------------------------------------------    -------------------





